Archive member included to satisfy reference by file (symbol)

/Applications/VEXcode Pro V5.app/Contents/Resources/sdk/vexv5/libv5rt.a(v5_startup.c.obj)
                              (vexStartup)
/Applications/VEXcode Pro V5.app/Contents/Resources/sdk/vexv5/libv5rt.a(v5_util.c.obj)
                              /Applications/VEXcode Pro V5.app/Contents/Resources/sdk/vexv5/libv5rt.a(v5_startup.c.obj) (vexStdlibVersionLinked)
/Applications/VEXcode Pro V5.app/Contents/Resources/sdk/vexv5/libv5rt.a(v5_apijump.c.obj)
                              /Applications/VEXcode Pro V5.app/Contents/Resources/sdk/vexv5/libv5rt.a(v5_startup.c.obj) (vexPrivateApiEnable)
/Applications/VEXcode Pro V5.app/Contents/Resources/sdk/vexv5/libv5rt.a(v5_apiversions.c.obj)
                              /Applications/VEXcode Pro V5.app/Contents/Resources/sdk/vexv5/libv5rt.a(v5_apijump.c.obj) (vexSystemVersion)
/Applications/VEXcode Pro V5.app/Contents/Resources/sdk/vexv5/libv5rt.a(vex_global.cpp.obj)
                              build/src/main.o (vex::wait(double, vex::timeUnits))
/Applications/VEXcode Pro V5.app/Contents/Resources/sdk/vexv5/libv5rt.a(vex_motor.cpp.obj)
                              build/src/robot-config.o (vex::motor::~motor())
/Applications/VEXcode Pro V5.app/Contents/Resources/sdk/vexv5/libv5rt.a(vex_imu.cpp.obj)
                              build/src/robot-config.o (vex::inertial::~inertial())
/Applications/VEXcode Pro V5.app/Contents/Resources/sdk/vexv5/libv5rt.a(vex_controller.cpp.obj)
                              build/src/robot-config.o (vex::controller::~controller())
/Applications/VEXcode Pro V5.app/Contents/Resources/sdk/vexv5/libv5rt.a(vex_task.cpp.obj)
                              build/src/main.o (vex::task::sleep(unsigned long))
/Applications/VEXcode Pro V5.app/Contents/Resources/sdk/vexv5/libv5rt.a(vex_thread.cpp.obj)
                              /Applications/VEXcode Pro V5.app/Contents/Resources/sdk/vexv5/libv5rt.a(vex_global.cpp.obj) (vex::this_thread::sleep_for(unsigned long))
/Applications/VEXcode Pro V5.app/Contents/Resources/sdk/vexv5/libv5rt.a(vex_event.cpp.obj)
                              /Applications/VEXcode Pro V5.app/Contents/Resources/sdk/vexv5/libv5rt.a(vex_imu.cpp.obj) (vex::event::init(unsigned long, unsigned long, void (*)()))
/Applications/VEXcode Pro V5.app/Contents/Resources/sdk/vexv5/libv5rt.a(vex_mevent.cpp.obj)
                              /Applications/VEXcode Pro V5.app/Contents/Resources/sdk/vexv5/libv5rt.a(vex_controller.cpp.obj) (vex::mevent::mevent(unsigned long, unsigned long))
/Applications/VEXcode Pro V5.app/Contents/Resources/sdk/vexv5/libv5rt.a(vex_brain.cpp.obj)
                              build/src/robot-config.o (vex::brain::brain())
/Applications/VEXcode Pro V5.app/Contents/Resources/sdk/vexv5/libv5rt.a(vex_competition.cpp.obj)
                              build/src/main.o (vex::competition::competition())
/Applications/VEXcode Pro V5.app/Contents/Resources/sdk/vexv5/libv5rt.a(vex_triport.cpp.obj)
                              /Applications/VEXcode Pro V5.app/Contents/Resources/sdk/vexv5/libv5rt.a(vex_brain.cpp.obj) (vex::triport::~triport())
/Applications/VEXcode Pro V5.app/Contents/Resources/sdk/vexv5/libv5rt.a(vex_color.cpp.obj)
                              /Applications/VEXcode Pro V5.app/Contents/Resources/sdk/vexv5/libv5rt.a(vex_brain.cpp.obj) (vex::color::operator unsigned long() const)
/Applications/VEXcode Pro V5.app/Contents/Resources/sdk/vexv5/libv5rt.a(vex_timer.cpp.obj)
                              /Applications/VEXcode Pro V5.app/Contents/Resources/sdk/vexv5/libv5rt.a(vex_brain.cpp.obj) (vex::timer::~timer())
/Applications/VEXcode Pro V5.app/Contents/Resources/sdk/vexv5/libv5rt.a(vex_motorgroup.cpp.obj)
                              build/src/robot-config.o (vex::motor_group::motor_group())
/Applications/VEXcode Pro V5.app/Contents/Resources/sdk/vexv5/libv5rt.a(v5_apiuser.c.obj)
                              /Applications/VEXcode Pro V5.app/Contents/Resources/sdk/vexv5/libv5rt.a(vex_triport.cpp.obj) (vexAdiPortConfigSet)
/Applications/VEXcode Pro V5.app/Contents/Resources/sdk/vexv5/libv5rt.a(vex_device.cpp.obj)
                              /Applications/VEXcode Pro V5.app/Contents/Resources/sdk/vexv5/libv5rt.a(vex_motor.cpp.obj) (vex::device::~device())
/Applications/VEXcode Pro V5.app/Contents/Resources/sdk/vexv5/gcc/libs/libc.a(lib_a-fini.o)
                              /Applications/VEXcode Pro V5.app/Contents/Resources/sdk/vexv5/libv5rt.a(v5_startup.c.obj) (__libc_fini_array)
/Applications/VEXcode Pro V5.app/Contents/Resources/sdk/vexv5/gcc/libs/libc.a(lib_a-impure.o)
                              /Applications/VEXcode Pro V5.app/Contents/Resources/sdk/vexv5/libv5rt.a(v5_startup.c.obj) (_impure_ptr)
/Applications/VEXcode Pro V5.app/Contents/Resources/sdk/vexv5/gcc/libs/libc.a(lib_a-init.o)
                              /Applications/VEXcode Pro V5.app/Contents/Resources/sdk/vexv5/libv5rt.a(v5_startup.c.obj) (__libc_init_array)
[...]
Memory Configuration

Name             Origin             Length             Attributes
ps7_ddr_0_S_AXI_BASEADDR 0x0000000003800000 0x0000000004800000
*default*        0x0000000000000000 0xffffffffffffffff

Linker script and memory map

                0x0000000000002000                _STACK_SIZE = DEFINED (_STACK_SIZE)?_STACK_SIZE:0x2000
                0x0000000000100000                _HEAP_SIZE = DEFINED (_HEAP_SIZE)?_HEAP_SIZE:0x100000
                0x0000000000000400                _ABORT_STACK_SIZE = DEFINED (_ABORT_STACK_SIZE)?_ABORT_STACK_SIZE:0x400
                0x0000000000000800                _SUPERVISOR_STACK_SIZE = DEFINED (_SUPERVISOR_STACK_SIZE)?_SUPERVISOR_STACK_SIZE:0x800
                0x0000000000000400                _IRQ_STACK_SIZE = DEFINED (_IRQ_STACK_SIZE)?_IRQ_STACK_SIZE:0x400
                0x0000000000000400                _FIQ_STACK_SIZE = DEFINED (_FIQ_STACK_SIZE)?_FIQ_STACK_SIZE:0x400
                0x0000000000000400                _UNDEF_STACK_SIZE = DEFINED (_UNDEF_STACK_SIZE)?_UNDEF_STACK_SIZE:0x400

.text           0x0000000003800000     0x4638
 *(.vectors)
 *(.boot_data)
 .boot_data     0x0000000003800000       0x20 /Applications/VEXcode Pro V5.app/Contents/Resources/sdk/vexv5/libv5rt.a(v5_startup.c.obj)
                0x0000000003800000                vexCodeSig
                0x0000000000000020                . = 0x20
 *(.boot)
 .boot          0x0000000003800020       0xbc /Applications/VEXcode Pro V5.app/Contents/Resources/sdk/vexv5/libv5rt.a(v5_startup.c.obj)
                0x0000000003800020                vexStartup
                0x0000000003800100                . = ALIGN (0x40)
 *fill*         0x00000000038000dc       0x24 
 *(.freertos_vectors)
 *(.text)
 *(.text.*)
 .text._Z20pneumaticSwitchFrontv
                0x0000000003800100       0x30 build/src/main.o
                0x0000000003800100                pneumaticSwitchFront()
 .text._Z13InertialRightf
                0x0000000003800130      0x260 build/src/main.o
                0x0000000003800130                InertialRight(float)
 .text._Z12InertialLeftf
                0x0000000003800390      0x260 build/src/main.o
                0x0000000003800390                InertialLeft(float)
 .text._Z7driveINiN3vex13directionTypeEib
                0x00000000038005f0       0xd8 build/src/main.o
                0x00000000038005f0                driveIN(int, vex::directionType, int, bool)
 .text._Z13leftAutonLeftv
                0x00000000038006c8      0x118 build/src/main.o
                0x00000000038006c8                leftAutonLeft()
 .text._Z15leftAutonCenterv
                0x00000000038007e0      0x130 build/src/main.o
                0x00000000038007e0                leftAutonCenter()
 .text._Z15rightAutonRightv
                0x0000000003800910      0x160 build/src/main.o
                0x0000000003800910                rightAutonRight()
 .text._Z16rightAutonCenterv
                0x0000000003800a70      0x110 build/src/main.o
                0x0000000003800a70                rightAutonCenter()
 .text._Z12soloWinPointv
                0x0000000003800b80      0x128 build/src/main.o
                0x0000000003800b80                soloWinPoint()
 .text._Z9pre_autonv
                0x0000000003800ca8      0x278 build/src/main.o
                0x0000000003800ca8                pre_auton()
 .text._Z11usercontrolv
                0x0000000003800f20      0x2a8 build/src/main.o
                0x0000000003800f20                usercontrol()
 .text.main     0x00000000038011c8       0x2c build/src/main.o
                0x00000000038011c8                main
 .text._GLOBAL__sub_I_main.cpp
                0x00000000038011f4       0x34 build/src/main.o
 .text._Z11vexcodeInitv
                0x0000000003801228        0x4 build/src/robot-config.o
                0x0000000003801228                vexcodeInit()
 .text._GLOBAL__sub_I_robot_config.cpp
                0x000000000380122c      0x2f4 build/src/robot-config.o
 .text.vexMain  0x0000000003801520       0xb0 /Applications/VEXcode Pro V5.app/Contents/Resources/sdk/vexv5/libv5rt.a(v5_startup.c.obj)
                0x0000000003801520                vexMain
 .text.__vex_function_prolog
                0x00000000038015d0       0x18 /Applications/VEXcode Pro V5.app/Contents/Resources/sdk/vexv5/libv5rt.a(v5_startup.c.obj)
                0x00000000038015d0                __vex_function_prolog
 .text._init    0x00000000038015e8        0x4 /Applications/VEXcode Pro V5.app/Contents/Resources/sdk/vexv5/libv5rt.a(v5_startup.c.obj)
                0x00000000038015e8                _init
 .text._fini    0x00000000038015ec        0x4 /Applications/VEXcode Pro V5.app/Contents/Resources/sdk/vexv5/libv5rt.a(v5_startup.c.obj)
                0x00000000038015ec                _fini
 .text.vexStdlibVersionLinked
                0x00000000038015f0        0xc /Applications/VEXcode Pro V5.app/Contents/Resources/sdk/vexv5/libv5rt.a(v5_util.c.obj)
                0x00000000038015f0                vexStdlibVersionLinked
 .text.vexStdlibVersionVerify
                0x00000000038015fc       0x30 /Applications/VEXcode Pro V5.app/Contents/Resources/sdk/vexv5/libv5rt.a(v5_util.c.obj)
                0x00000000038015fc                vexStdlibVersionVerify
 .text.vexPrivateApiEnable
                0x000000000380162c       0x10 /Applications/VEXcode Pro V5.app/Contents/Resources/sdk/vexv5/libv5rt.a(v5_apijump.c.obj)
                0x000000000380162c                vexPrivateApiEnable
 .text.vexStdlibMismatchError
                0x000000000380163c       0x3c /Applications/VEXcode Pro V5.app/Contents/Resources/sdk/vexv5/libv5rt.a(v5_apijump.c.obj)
                0x000000000380163c                vexStdlibMismatchError
 .text.vexTaskAdd
                0x0000000003801678       0x10 /Applications/VEXcode Pro V5.app/Contents/Resources/sdk/vexv5/libv5rt.a(v5_apijump.c.obj)
                0x0000000003801678                vexTaskAdd
 .text.vexTasksRun
                0x0000000003801688       0x10 /Applications/VEXcode Pro V5.app/Contents/Resources/sdk/vexv5/libv5rt.a(v5_apijump.c.obj)
                0x0000000003801688                vexTasksRun
 .text.vexTaskYield
                0x0000000003801698       0x10 /Applications/VEXcode Pro V5.app/Contents/Resources/sdk/vexv5/libv5rt.a(v5_apijump.c.obj)
                0x0000000003801698                vexTaskYield
 .text.vexTaskCheckTimeslice
                0x00000000038016a8       0x10 /Applications/VEXcode Pro V5.app/Contents/Resources/sdk/vexv5/libv5rt.a(v5_apijump.c.obj)
                0x00000000038016a8                vexTaskCheckTimeslice
 .text.vexTaskSleep
                0x00000000038016b8       0x10 /Applications/VEXcode Pro V5.app/Contents/Resources/sdk/vexv5/libv5rt.a(v5_apijump.c.obj)
                0x00000000038016b8                vexTaskSleep
 .text.vexTasksDump
                0x00000000038016c8       0x1c /Applications/VEXcode Pro V5.app/Contents/Resources/sdk/vexv5/libv5rt.a(v5_apijump.c.obj)
                0x00000000038016c8                vexTasksDump
 .text.vexTaskGetTaskIndex
                0x00000000038016e4       0x10 /Applications/VEXcode Pro V5.app/Contents/Resources/sdk/vexv5/libv5rt.a(v5_apijump.c.obj)
                0x00000000038016e4                vexTaskGetTaskIndex
 .text.vexTaskStopAll
                0x00000000038016f4       0x10 /Applications/VEXcode Pro V5.app/Contents/Resources/sdk/vexv5/libv5rt.a(v5_apijump.c.obj)
                0x00000000038016f4                vexTaskStopAll
 .text.vexTaskRemoveAllUser
                0x0000000003801704       0x34 /Applications/VEXcode Pro V5.app/Contents/Resources/sdk/vexv5/libv5rt.a(v5_apijump.c.obj)
                0x0000000003801704                vexTaskRemoveAllUser
 .text.vexTaskCompletionIdSet
                0x0000000003801738       0x10 /Applications/VEXcode Pro V5.app/Contents/Resources/sdk/vexv5/libv5rt.a(v5_apijump.c.obj)
                0x0000000003801738                vexTaskCompletionIdSet
 .text.vexTaskStopWithId
                0x0000000003801748       0x10 /Applications/VEXcode Pro V5.app/Contents/Resources/sdk/vexv5/libv5rt.a(v5_apijump.c.obj)
                0x0000000003801748                vexTaskStopWithId
 .text.vexCriticalSection
                0x0000000003801758       0x2c /Applications/VEXcode Pro V5.app/Contents/Resources/sdk/vexv5/libv5rt.a(v5_apijump.c.obj)
                0x0000000003801758                vexCriticalSection
 .text.vexEventAdd
                0x0000000003801784       0x34 /Applications/VEXcode Pro V5.app/Contents/Resources/sdk/vexv5/libv5rt.a(v5_apijump.c.obj)
                0x0000000003801784                vexEventAdd
 .text.vexEventUserIndexGet
                0x00000000038017b8       0x1c /Applications/VEXcode Pro V5.app/Contents/Resources/sdk/vexv5/libv5rt.a(v5_apijump.c.obj)
                0x00000000038017b8                vexEventUserIndexGet
 .text.vexEventAddWithArg
                0x00000000038017d4       0x3c /Applications/VEXcode Pro V5.app/Contents/Resources/sdk/vexv5/libv5rt.a(v5_apijump.c.obj)
                0x00000000038017d4                vexEventAddWithArg
 .text.vexEventsCleanup
                0x0000000003801810       0x2c /Applications/VEXcode Pro V5.app/Contents/Resources/sdk/vexv5/libv5rt.a(v5_apijump.c.obj)
                0x0000000003801810                vexEventsCleanup
 .text.vexDebug
                0x000000000380183c       0x38 /Applications/VEXcode Pro V5.app/Contents/Resources/sdk/vexv5/libv5rt.a(v5_apijump.c.obj)
                0x000000000380183c                vexDebug
 .text.vex_sprintf
                0x0000000003801874       0x40 /Applications/VEXcode Pro V5.app/Contents/Resources/sdk/vexv5/libv5rt.a(v5_apijump.c.obj)
                0x0000000003801874                vex_sprintf
 .text.vex_vsnprintf
                0x00000000038018b4       0x3c /Applications/VEXcode Pro V5.app/Contents/Resources/sdk/vexv5/libv5rt.a(v5_apijump.c.obj)
                0x00000000038018b4                vex_vsnprintf
 .text.vexSystemTimeGet
                0x00000000038018f0       0x1c /Applications/VEXcode Pro V5.app/Contents/Resources/sdk/vexv5/libv5rt.a(v5_apijump.c.obj)
                0x00000000038018f0                vexSystemTimeGet
 .text.vexSystemExitRequest
                0x000000000380190c       0x1c /Applications/VEXcode Pro V5.app/Contents/Resources/sdk/vexv5/libv5rt.a(v5_apijump.c.obj)
                0x000000000380190c                vexSystemExitRequest
 .text.vexDeviceGetByIndex
                0x0000000003801928       0x24 /Applications/VEXcode Pro V5.app/Contents/Resources/sdk/vexv5/libv5rt.a(v5_apijump.c.obj)
                0x0000000003801928                vexDeviceGetByIndex
 .text.vexControllerGet
                0x000000000380194c       0x2c /Applications/VEXcode Pro V5.app/Contents/Resources/sdk/vexv5/libv5rt.a(v5_apijump.c.obj)
                0x000000000380194c                vexControllerGet
 .text.vexControllerTextSet
                0x0000000003801978       0x74 /Applications/VEXcode Pro V5.app/Contents/Resources/sdk/vexv5/libv5rt.a(v5_apijump.c.obj)
                0x0000000003801978                vexControllerTextSet
 .text.vexDeviceAdiPortConfigSet
                0x00000000038019ec       0x34 /Applications/VEXcode Pro V5.app/Contents/Resources/sdk/vexv5/libv5rt.a(v5_apijump.c.obj)
                0x00000000038019ec                vexDeviceAdiPortConfigSet
 .text.vexDeviceAdiPortConfigGet
                0x0000000003801a20       0x2c /Applications/VEXcode Pro V5.app/Contents/Resources/sdk/vexv5/libv5rt.a(v5_apijump.c.obj)
                0x0000000003801a20                vexDeviceAdiPortConfigGet
 .text.vexDeviceAdiValueSet
                0x0000000003801a4c       0x34 /Applications/VEXcode Pro V5.app/Contents/Resources/sdk/vexv5/libv5rt.a(v5_apijump.c.obj)
                0x0000000003801a4c                vexDeviceAdiValueSet
 .text.vexDeviceAdiValueGet
                0x0000000003801a80       0x2c /Applications/VEXcode Pro V5.app/Contents/Resources/sdk/vexv5/libv5rt.a(v5_apijump.c.obj)
                0x0000000003801a80                vexDeviceAdiValueGet
 .text.vexDeviceMotorVelocitySet
                0x0000000003801aac       0x2c /Applications/VEXcode Pro V5.app/Contents/Resources/sdk/vexv5/libv5rt.a(v5_apijump.c.obj)
                0x0000000003801aac                vexDeviceMotorVelocitySet
 .text.vexDeviceMotorActualVelocityGet
                0x0000000003801ad8       0x24 /Applications/VEXcode Pro V5.app/Contents/Resources/sdk/vexv5/libv5rt.a(v5_apijump.c.obj)
                0x0000000003801ad8                vexDeviceMotorActualVelocityGet
 .text.vexDeviceMotorZeroPositionFlagGet
                0x0000000003801afc       0x24 /Applications/VEXcode Pro V5.app/Contents/Resources/sdk/vexv5/libv5rt.a(v5_apijump.c.obj)
                0x0000000003801afc                vexDeviceMotorZeroPositionFlagGet
 .text.vexDeviceMotorReverseFlagSet
                0x0000000003801b20       0x2c /Applications/VEXcode Pro V5.app/Contents/Resources/sdk/vexv5/libv5rt.a(v5_apijump.c.obj)
                0x0000000003801b20                vexDeviceMotorReverseFlagSet
 .text.vexDeviceMotorEncoderUnitsSet
                0x0000000003801b4c       0x2c /Applications/VEXcode Pro V5.app/Contents/Resources/sdk/vexv5/libv5rt.a(v5_apijump.c.obj)
                0x0000000003801b4c                vexDeviceMotorEncoderUnitsSet
 .text.vexDeviceMotorBrakeModeSet
                0x0000000003801b78       0x2c /Applications/VEXcode Pro V5.app/Contents/Resources/sdk/vexv5/libv5rt.a(v5_apijump.c.obj)
                0x0000000003801b78                vexDeviceMotorBrakeModeSet
 .text.vexDeviceMotorPositionSet
                0x0000000003801ba4       0x34 /Applications/VEXcode Pro V5.app/Contents/Resources/sdk/vexv5/libv5rt.a(v5_apijump.c.obj)
                0x0000000003801ba4                vexDeviceMotorPositionSet
 .text.vexDeviceMotorPositionGet
                0x0000000003801bd8       0x24 /Applications/VEXcode Pro V5.app/Contents/Resources/sdk/vexv5/libv5rt.a(v5_apijump.c.obj)
                0x0000000003801bd8                vexDeviceMotorPositionGet
 .text.vexDeviceMotorAbsoluteTargetSet
                0x0000000003801bfc       0x3c /Applications/VEXcode Pro V5.app/Contents/Resources/sdk/vexv5/libv5rt.a(v5_apijump.c.obj)
                0x0000000003801bfc                vexDeviceMotorAbsoluteTargetSet
 .text.vexDeviceMotorRelativeTargetSet
                0x0000000003801c38       0x3c /Applications/VEXcode Pro V5.app/Contents/Resources/sdk/vexv5/libv5rt.a(v5_apijump.c.obj)
                0x0000000003801c38                vexDeviceMotorRelativeTargetSet
 .text.vexDeviceMotorGearingSet
                0x0000000003801c74       0x2c /Applications/VEXcode Pro V5.app/Contents/Resources/sdk/vexv5/libv5rt.a(v5_apijump.c.obj)
                0x0000000003801c74                vexDeviceMotorGearingSet
 .text.vexDeviceMotorGearingGet
                0x0000000003801ca0       0x24 /Applications/VEXcode Pro V5.app/Contents/Resources/sdk/vexv5/libv5rt.a(v5_apijump.c.obj)
                0x0000000003801ca0                vexDeviceMotorGearingGet
 .text.vexDeviceImuReset
                0x0000000003801cc4       0x24 /Applications/VEXcode Pro V5.app/Contents/Resources/sdk/vexv5/libv5rt.a(v5_apijump.c.obj)
                0x0000000003801cc4                vexDeviceImuReset
 .text.vexDeviceImuHeadingGet
                0x0000000003801ce8       0x24 /Applications/VEXcode Pro V5.app/Contents/Resources/sdk/vexv5/libv5rt.a(v5_apijump.c.obj)
                0x0000000003801ce8                vexDeviceImuHeadingGet
 .text.vexDeviceImuDegreesGet
                0x0000000003801d0c       0x24 /Applications/VEXcode Pro V5.app/Contents/Resources/sdk/vexv5/libv5rt.a(v5_apijump.c.obj)
                0x0000000003801d0c                vexDeviceImuDegreesGet
 .text.vexDeviceImuStatusGet
                0x0000000003801d30       0x24 /Applications/VEXcode Pro V5.app/Contents/Resources/sdk/vexv5/libv5rt.a(v5_apijump.c.obj)
                0x0000000003801d30                vexDeviceImuStatusGet
 .text.vexDisplayForegroundColor
                0x0000000003801d54       0x24 /Applications/VEXcode Pro V5.app/Contents/Resources/sdk/vexv5/libv5rt.a(v5_apijump.c.obj)
                0x0000000003801d54                vexDisplayForegroundColor
 .text.vexDisplayBackgroundColor
                0x0000000003801d78       0x24 /Applications/VEXcode Pro V5.app/Contents/Resources/sdk/vexv5/libv5rt.a(v5_apijump.c.obj)
                0x0000000003801d78                vexDisplayBackgroundColor
 .text.vexDisplayBackgroundColorGet
                0x0000000003801d9c       0x1c /Applications/VEXcode Pro V5.app/Contents/Resources/sdk/vexv5/libv5rt.a(v5_apijump.c.obj)
                0x0000000003801d9c                vexDisplayBackgroundColorGet
 .text.vexDisplayRectDraw
                0x0000000003801db8       0x4c /Applications/VEXcode Pro V5.app/Contents/Resources/sdk/vexv5/libv5rt.a(v5_apijump.c.obj)
                0x0000000003801db8                vexDisplayRectDraw
 .text.vexDisplayRectClear
                0x0000000003801e04       0x4c /Applications/VEXcode Pro V5.app/Contents/Resources/sdk/vexv5/libv5rt.a(v5_apijump.c.obj)
                0x0000000003801e04                vexDisplayRectClear
 .text.vexDisplayTextReference
                0x0000000003801e50       0x24 /Applications/VEXcode Pro V5.app/Contents/Resources/sdk/vexv5/libv5rt.a(v5_apijump.c.obj)
                0x0000000003801e50                vexDisplayTextReference
 .text.vexDisplayTextSize
                0x0000000003801e74       0x2c /Applications/VEXcode Pro V5.app/Contents/Resources/sdk/vexv5/libv5rt.a(v5_apijump.c.obj)
                0x0000000003801e74                vexDisplayTextSize
 .text.vexDisplayFontNamedSet
                0x0000000003801ea0       0x24 /Applications/VEXcode Pro V5.app/Contents/Resources/sdk/vexv5/libv5rt.a(v5_apijump.c.obj)
                0x0000000003801ea0                vexDisplayFontNamedSet
 .text.vexDisplayPenSizeGet
                0x0000000003801ec4       0x1c /Applications/VEXcode Pro V5.app/Contents/Resources/sdk/vexv5/libv5rt.a(v5_apijump.c.obj)
                0x0000000003801ec4                vexDisplayPenSizeGet
 .text.vexSystemStdlibImpureDataAddr
                0x0000000003801ee0       0x28 /Applications/VEXcode Pro V5.app/Contents/Resources/sdk/vexv5/libv5rt.a(v5_apijump.c.obj)
                0x0000000003801ee0                vexSystemStdlibImpureDataAddr
 .text.vexSystemStdlibImpureDataSize
                0x0000000003801f08       0x28 /Applications/VEXcode Pro V5.app/Contents/Resources/sdk/vexv5/libv5rt.a(v5_apijump.c.obj)
                0x0000000003801f08                vexSystemStdlibImpureDataSize
 .text.vexSystemSaveUserData
                0x0000000003801f30       0x3c /Applications/VEXcode Pro V5.app/Contents/Resources/sdk/vexv5/libv5rt.a(v5_apijump.c.obj)
                0x0000000003801f30                vexSystemSaveUserData
 .text.vexTouchDataGet
                0x0000000003801f6c       0x10 /Applications/VEXcode Pro V5.app/Contents/Resources/sdk/vexv5/libv5rt.a(v5_apijump.c.obj)
                0x0000000003801f6c                vexTouchDataGet
 .text.vexDisplayThemeIdGet
                0x0000000003801f7c       0x38 /Applications/VEXcode Pro V5.app/Contents/Resources/sdk/vexv5/libv5rt.a(v5_apijump.c.obj)
                0x0000000003801f7c                vexDisplayThemeIdGet
 .text.vexDeviceEventMaskSet
                0x0000000003801fb4       0x48 /Applications/VEXcode Pro V5.app/Contents/Resources/sdk/vexv5/libv5rt.a(v5_apijump.c.obj)
                0x0000000003801fb4                vexDeviceEventMaskSet
 .text.vexDeviceEventMaskGet
                0x0000000003801ffc       0x3c /Applications/VEXcode Pro V5.app/Contents/Resources/sdk/vexv5/libv5rt.a(v5_apijump.c.obj)
                0x0000000003801ffc                vexDeviceEventMaskGet
 .text.vexSystemVersion
                0x0000000003802038       0x10 /Applications/VEXcode Pro V5.app/Contents/Resources/sdk/vexv5/libv5rt.a(v5_apiversions.c.obj)
                0x0000000003802038                vexSystemVersion
 .text.vexStdlibVersion
                0x0000000003802048       0x10 /Applications/VEXcode Pro V5.app/Contents/Resources/sdk/vexv5/libv5rt.a(v5_apiversions.c.obj)
                0x0000000003802048                vexStdlibVersion
 .text._ZN3vex4waitEdNS_9timeUnitsE
                0x0000000003802058       0x30 /Applications/VEXcode Pro V5.app/Contents/Resources/sdk/vexv5/libv5rt.a(vex_global.cpp.obj)
                0x0000000003802058                vex::wait(double, vex::timeUnits)
 .text._ZN3vex5motorD2Ev
                0x0000000003802088       0x20 /Applications/VEXcode Pro V5.app/Contents/Resources/sdk/vexv5/libv5rt.a(vex_motor.cpp.obj)
                0x0000000003802088                vex::motor::~motor()
                0x0000000003802088                vex::motor::~motor()
 .text._ZN3vex5motorD0Ev
                0x00000000038020a8       0x1c /Applications/VEXcode Pro V5.app/Contents/Resources/sdk/vexv5/libv5rt.a(vex_motor.cpp.obj)
                0x00000000038020a8                vex::motor::~motor()
 .text._ZN3vex5motor9installedEv
                0x00000000038020c4       0x18 /Applications/VEXcode Pro V5.app/Contents/Resources/sdk/vexv5/libv5rt.a(vex_motor.cpp.obj)
                0x00000000038020c4                vex::motor::installed()
 .text._ZN3vex5motor15defaultStoppingENS_9brakeTypeE
                0x00000000038020dc       0x30 /Applications/VEXcode Pro V5.app/Contents/Resources/sdk/vexv5/libv5rt.a(vex_motor.cpp.obj)
                0x00000000038020dc                vex::motor::defaultStopping(vex::brakeType)
 .text._ZN3vex5motorC2El
                0x000000000380210c       0x78 /Applications/VEXcode Pro V5.app/Contents/Resources/sdk/vexv5/libv5rt.a(vex_motor.cpp.obj)
                0x000000000380210c                vex::motor::motor(long)
                0x000000000380210c                vex::motor::motor(long)
 .text._ZN3vex5motorC2ElNS_11gearSettingEb
                0x0000000003802184       0x34 /Applications/VEXcode Pro V5.app/Contents/Resources/sdk/vexv5/libv5rt.a(vex_motor.cpp.obj)
                0x0000000003802184                vex::motor::motor(long, vex::gearSetting, bool)
                0x0000000003802184                vex::motor::motor(long, vex::gearSetting, bool)
 .text._ZN3vex5motor10isSpinningEv
                0x00000000038021b8       0x38 /Applications/VEXcode Pro V5.app/Contents/Resources/sdk/vexv5/libv5rt.a(vex_motor.cpp.obj)
                0x00000000038021b8                vex::motor::isSpinning()
 .text._ZN3vex5motor4stopENS_9brakeTypeE
                0x00000000038021f0       0x30 /Applications/VEXcode Pro V5.app/Contents/Resources/sdk/vexv5/libv5rt.a(vex_motor.cpp.obj)
                0x00000000038021f0                vex::motor::stop(vex::brakeType)
 .text._ZN3vex5motor4stopEv
                0x0000000003802220        0x8 /Applications/VEXcode Pro V5.app/Contents/Resources/sdk/vexv5/libv5rt.a(vex_motor.cpp.obj)
                0x0000000003802220                vex::motor::stop()
 .text._ZN3vex5motor16velocityToScaledEdNS_13velocityUnitsE
                0x0000000003802228       0x5c /Applications/VEXcode Pro V5.app/Contents/Resources/sdk/vexv5/libv5rt.a(vex_motor.cpp.obj)
                0x0000000003802228                vex::motor::velocityToScaled(double, vex::velocityUnits)
 .text._ZN3vex5motor8velocityENS_13velocityUnitsE
                0x0000000003802284       0x30 /Applications/VEXcode Pro V5.app/Contents/Resources/sdk/vexv5/libv5rt.a(vex_motor.cpp.obj)
                0x0000000003802284                vex::motor::velocity(vex::velocityUnits)
 .text._ZN3vex5motor5valueEv
                0x00000000038022b4       0x1c /Applications/VEXcode Pro V5.app/Contents/Resources/sdk/vexv5/libv5rt.a(vex_motor.cpp.obj)
                0x00000000038022b4                vex::motor::value()
 .text._ZN3vex5motor16scaledToVelocityEdNS_13velocityUnitsE
                0x00000000038022d0       0xa4 /Applications/VEXcode Pro V5.app/Contents/Resources/sdk/vexv5/libv5rt.a(vex_motor.cpp.obj)
                0x00000000038022d0                vex::motor::scaledToVelocity(double, vex::velocityUnits)
 .text._ZN3vex5motor4spinENS_13directionTypeEdNS_13velocityUnitsE
                0x0000000003802374       0x5c /Applications/VEXcode Pro V5.app/Contents/Resources/sdk/vexv5/libv5rt.a(vex_motor.cpp.obj)
                0x0000000003802374                vex::motor::spin(vex::directionType, double, vex::velocityUnits)
 .text._ZN3vex5motor9rotateForEdNS_9timeUnitsEdNS_13velocityUnitsE
                0x00000000038023d0       0x78 /Applications/VEXcode Pro V5.app/Contents/Resources/sdk/vexv5/libv5rt.a(vex_motor.cpp.obj)
                0x00000000038023d0                vex::motor::rotateFor(double, vex::timeUnits, double, vex::velocityUnits)
 .text._ZN3vex5motor7spinForEdNS_9timeUnitsEdNS_13velocityUnitsE
                0x0000000003802448        0xc /Applications/VEXcode Pro V5.app/Contents/Resources/sdk/vexv5/libv5rt.a(vex_motor.cpp.obj)
                0x0000000003802448                vex::motor::spinFor(double, vex::timeUnits, double, vex::velocityUnits)
 .text._ZN3vex5motor11setVelocityEdNS_13velocityUnitsE
                0x0000000003802454       0x54 /Applications/VEXcode Pro V5.app/Contents/Resources/sdk/vexv5/libv5rt.a(vex_motor.cpp.obj)
                0x0000000003802454                vex::motor::setVelocity(double, vex::velocityUnits)
 .text._ZN3vex5motor16setRotationUnitsENS_13rotationUnitsE
                0x00000000038024a8       0x1c /Applications/VEXcode Pro V5.app/Contents/Resources/sdk/vexv5/libv5rt.a(vex_motor.cpp.obj)
                0x00000000038024a8                vex::motor::setRotationUnits(vex::rotationUnits)
 .text._ZN3vex5motor11setRotationEdNS_13rotationUnitsE
                0x00000000038024c4       0x44 /Applications/VEXcode Pro V5.app/Contents/Resources/sdk/vexv5/libv5rt.a(vex_motor.cpp.obj)
                0x00000000038024c4                vex::motor::setRotation(double, vex::rotationUnits)
 .text._ZN3vex5motor13resetRotationEv
                0x0000000003802508       0x20 /Applications/VEXcode Pro V5.app/Contents/Resources/sdk/vexv5/libv5rt.a(vex_motor.cpp.obj)
                0x0000000003802508                vex::motor::resetRotation()
 .text._ZN3vex5motor13resetPositionEv
                0x0000000003802528       0x20 /Applications/VEXcode Pro V5.app/Contents/Resources/sdk/vexv5/libv5rt.a(vex_motor.cpp.obj)
                0x0000000003802528                vex::motor::resetPosition()
 .text._ZN3vex5motor8rotateToEdNS_13rotationUnitsEdNS_13velocityUnitsEb
                0x0000000003802548       0xc4 /Applications/VEXcode Pro V5.app/Contents/Resources/sdk/vexv5/libv5rt.a(vex_motor.cpp.obj)
                0x0000000003802548                vex::motor::rotateTo(double, vex::rotationUnits, double, vex::velocityUnits, bool)
 .text._ZN3vex5motor6spinToEdNS_13rotationUnitsEb
                0x000000000380260c       0x34 /Applications/VEXcode Pro V5.app/Contents/Resources/sdk/vexv5/libv5rt.a(vex_motor.cpp.obj)
                0x000000000380260c                vex::motor::spinTo(double, vex::rotationUnits, bool)
 .text._ZN3vex5motor9rotateForEdNS_13rotationUnitsEdNS_13velocityUnitsEb
                0x0000000003802640       0xe0 /Applications/VEXcode Pro V5.app/Contents/Resources/sdk/vexv5/libv5rt.a(vex_motor.cpp.obj)
                0x0000000003802640                vex::motor::rotateFor(double, vex::rotationUnits, double, vex::velocityUnits, bool)
 .text._ZN3vex5motor7spinForEdNS_13rotationUnitsEb
                0x0000000003802720       0x34 /Applications/VEXcode Pro V5.app/Contents/Resources/sdk/vexv5/libv5rt.a(vex_motor.cpp.obj)
                0x0000000003802720                vex::motor::spinFor(double, vex::rotationUnits, bool)
 .text._ZN3vex5motor8rotationENS_13rotationUnitsE
                0x0000000003802754       0x44 /Applications/VEXcode Pro V5.app/Contents/Resources/sdk/vexv5/libv5rt.a(vex_motor.cpp.obj)
                0x0000000003802754                vex::motor::rotation(vex::rotationUnits)
 .text._ZN3vex5motor8positionENS_13rotationUnitsE
                0x0000000003802798        0x4 /Applications/VEXcode Pro V5.app/Contents/Resources/sdk/vexv5/libv5rt.a(vex_motor.cpp.obj)
                0x0000000003802798                vex::motor::position(vex::rotationUnits)
 *fill*         0x000000000380279c        0x4 
 .text._ZN3vex8inertial10setHeadingEdNS_13rotationUnitsE
                0x00000000038027a0       0x58 /Applications/VEXcode Pro V5.app/Contents/Resources/sdk/vexv5/libv5rt.a(vex_imu.cpp.obj)
                0x00000000038027a0                vex::inertial::setHeading(double, vex::rotationUnits)
 .text._ZThn16_N3vex8inertial10setHeadingEdNS_13rotationUnitsE
                0x00000000038027f8        0x8 /Applications/VEXcode Pro V5.app/Contents/Resources/sdk/vexv5/libv5rt.a(vex_imu.cpp.obj)
                0x00000000038027f8                non-virtual thunk to vex::inertial::setHeading(double, vex::rotationUnits)
 .text._ZN3vex8inertial11setRotationEdNS_13rotationUnitsE
                0x0000000003802800       0x58 /Applications/VEXcode Pro V5.app/Contents/Resources/sdk/vexv5/libv5rt.a(vex_imu.cpp.obj)
                0x0000000003802800                vex::inertial::setRotation(double, vex::rotationUnits)
 .text._ZThn16_N3vex8inertial11setRotationEdNS_13rotationUnitsE
                0x0000000003802858        0x8 /Applications/VEXcode Pro V5.app/Contents/Resources/sdk/vexv5/libv5rt.a(vex_imu.cpp.obj)
                0x0000000003802858                non-virtual thunk to vex::inertial::setRotation(double, vex::rotationUnits)
 .text._ZN3vex8inertialD2Ev
                0x0000000003802860       0x20 /Applications/VEXcode Pro V5.app/Contents/Resources/sdk/vexv5/libv5rt.a(vex_imu.cpp.obj)
                0x0000000003802860                vex::inertial::~inertial()
                0x0000000003802860                vex::inertial::~inertial()
 .text._ZThn16_N3vex8inertialD1Ev
                0x0000000003802880        0x8 /Applications/VEXcode Pro V5.app/Contents/Resources/sdk/vexv5/libv5rt.a(vex_imu.cpp.obj)
                0x0000000003802880                non-virtual thunk to vex::inertial::~inertial()
 .text._ZN3vex8inertialD0Ev
                0x0000000003802888       0x1c /Applications/VEXcode Pro V5.app/Contents/Resources/sdk/vexv5/libv5rt.a(vex_imu.cpp.obj)
                0x0000000003802888                vex::inertial::~inertial()
 .text._ZThn16_N3vex8inertialD0Ev
                0x00000000038028a4        0x8 /Applications/VEXcode Pro V5.app/Contents/Resources/sdk/vexv5/libv5rt.a(vex_imu.cpp.obj)
                0x00000000038028a4                non-virtual thunk to vex::inertial::~inertial()
 .text._ZN3vex8inertial9installedEv
                0x00000000038028ac       0x18 /Applications/VEXcode Pro V5.app/Contents/Resources/sdk/vexv5/libv5rt.a(vex_imu.cpp.obj)
                0x00000000038028ac                vex::inertial::installed()
 .text._ZN3vex8inertial5angleENS_13rotationUnitsE
                0x00000000038028c4       0x60 /Applications/VEXcode Pro V5.app/Contents/Resources/sdk/vexv5/libv5rt.a(vex_imu.cpp.obj)
                0x00000000038028c4                vex::inertial::angle(vex::rotationUnits)
 .text._ZThn16_N3vex8inertial5angleENS_13rotationUnitsE
                0x0000000003802924        0x8 /Applications/VEXcode Pro V5.app/Contents/Resources/sdk/vexv5/libv5rt.a(vex_imu.cpp.obj)
                0x0000000003802924                non-virtual thunk to vex::inertial::angle(vex::rotationUnits)
 .text._ZN3vex8inertial7headingENS_13rotationUnitsE
                0x000000000380292c        0x4 /Applications/VEXcode Pro V5.app/Contents/Resources/sdk/vexv5/libv5rt.a(vex_imu.cpp.obj)
                0x000000000380292c                vex::inertial::heading(vex::rotationUnits)
 .text._ZThn16_N3vex8inertial7headingENS_13rotationUnitsE
                0x0000000003802930        0x8 /Applications/VEXcode Pro V5.app/Contents/Resources/sdk/vexv5/libv5rt.a(vex_imu.cpp.obj)
                0x0000000003802930                non-virtual thunk to vex::inertial::heading(vex::rotationUnits)
 .text._ZN3vex8inertial5valueEv
                0x0000000003802938       0x1c /Applications/VEXcode Pro V5.app/Contents/Resources/sdk/vexv5/libv5rt.a(vex_imu.cpp.obj)
                0x0000000003802938                vex::inertial::value()
 *fill*         0x0000000003802954        0x4 
 .text._ZN3vex8inertial8rotationENS_13rotationUnitsE
                0x0000000003802958       0x40 /Applications/VEXcode Pro V5.app/Contents/Resources/sdk/vexv5/libv5rt.a(vex_imu.cpp.obj)
                0x0000000003802958                vex::inertial::rotation(vex::rotationUnits)
 .text._ZThn16_N3vex8inertial8rotationENS_13rotationUnitsE
                0x0000000003802998        0x8 /Applications/VEXcode Pro V5.app/Contents/Resources/sdk/vexv5/libv5rt.a(vex_imu.cpp.obj)
                0x0000000003802998                non-virtual thunk to vex::inertial::rotation(vex::rotationUnits)
 .text._ZN3vex8inertial13isCalibratingEv
                0x00000000038029a0       0x38 /Applications/VEXcode Pro V5.app/Contents/Resources/sdk/vexv5/libv5rt.a(vex_imu.cpp.obj)
                0x00000000038029a0                vex::inertial::isCalibrating()
 .text._ZThn16_N3vex8inertial13isCalibratingEv
                0x00000000038029d8        0x8 /Applications/VEXcode Pro V5.app/Contents/Resources/sdk/vexv5/libv5rt.a(vex_imu.cpp.obj)
                0x00000000038029d8                non-virtual thunk to vex::inertial::isCalibrating()
 .text._ZN3vex8inertialC2El
                0x00000000038029e0       0x48 /Applications/VEXcode Pro V5.app/Contents/Resources/sdk/vexv5/libv5rt.a(vex_imu.cpp.obj)
                0x00000000038029e0                vex::inertial::inertial(long)
                0x00000000038029e0                vex::inertial::inertial(long)
 .text._ZN3vex8inertial16startCalibrationEl
                0x0000000003802a28       0x20 /Applications/VEXcode Pro V5.app/Contents/Resources/sdk/vexv5/libv5rt.a(vex_imu.cpp.obj)
                0x0000000003802a28                vex::inertial::startCalibration(long)
 .text._ZN3vex8inertial9calibrateEl
                0x0000000003802a48        0xc /Applications/VEXcode Pro V5.app/Contents/Resources/sdk/vexv5/libv5rt.a(vex_imu.cpp.obj)
                0x0000000003802a48                vex::inertial::calibrate(long)
                0x0000000003802a4c                non-virtual thunk to vex::inertial::calibrate(long)
 .text._ZN3vex10controllerD2Ev
                0x0000000003802a54        0x4 /Applications/VEXcode Pro V5.app/Contents/Resources/sdk/vexv5/libv5rt.a(vex_controller.cpp.obj)
                0x0000000003802a54                vex::controller::~controller()
                0x0000000003802a54                vex::controller::~controller()
 .text._ZN3vex10controller5valueE19_V5_ControllerIndex
                0x0000000003802a58        0x8 /Applications/VEXcode Pro V5.app/Contents/Resources/sdk/vexv5/libv5rt.a(vex_controller.cpp.obj)
                0x0000000003802a58                vex::controller::value(_V5_ControllerIndex)
 .text._ZN3vex10controller6button8pressingEv
                0x0000000003802a60       0xc8 /Applications/VEXcode Pro V5.app/Contents/Resources/sdk/vexv5/libv5rt.a(vex_controller.cpp.obj)
                0x0000000003802a60                vex::controller::button::pressing()
 .text._ZN3vex10controller6button7pressedEPFvvE
                0x0000000003802b28      0x108 /Applications/VEXcode Pro V5.app/Contents/Resources/sdk/vexv5/libv5rt.a(vex_controller.cpp.obj)
                0x0000000003802b28                vex::controller::button::pressed(void (*)())
 .text._ZN3vex10controller6button21_buttonToPressedEventEv
                0x0000000003802c30       0x20 /Applications/VEXcode Pro V5.app/Contents/Resources/sdk/vexv5/libv5rt.a(vex_controller.cpp.obj)
                0x0000000003802c30                vex::controller::button::_buttonToPressedEvent()
 .text._ZN3vex10controller6button22_buttonToReleasedEventEv
                0x0000000003802c50       0x20 /Applications/VEXcode Pro V5.app/Contents/Resources/sdk/vexv5/libv5rt.a(vex_controller.cpp.obj)
                0x0000000003802c50                vex::controller::button::_buttonToReleasedEvent()
 .text._ZN3vex10controller6buttonC2ENS0_11tButtonTypeEPS0_
                0x0000000003802c70       0x48 /Applications/VEXcode Pro V5.app/Contents/Resources/sdk/vexv5/libv5rt.a(vex_controller.cpp.obj)
                0x0000000003802c70                vex::controller::button::button(vex::controller::tButtonType, vex::controller*)
                0x0000000003802c70                vex::controller::button::button(vex::controller::tButtonType, vex::controller*)
 .text._ZN3vex10controller4axis5valueEv
                0x0000000003802cb8       0x58 /Applications/VEXcode Pro V5.app/Contents/Resources/sdk/vexv5/libv5rt.a(vex_controller.cpp.obj)
                0x0000000003802cb8                vex::controller::axis::value()
 .text._ZN3vex10controller4axis8positionENS_12percentUnitsE
                0x0000000003802d10       0x1c /Applications/VEXcode Pro V5.app/Contents/Resources/sdk/vexv5/libv5rt.a(vex_controller.cpp.obj)
                0x0000000003802d10                vex::controller::axis::position(vex::percentUnits)
 .text._ZN3vex10controller4axis23_joystickToChangedEventEv
                0x0000000003802d2c       0x20 /Applications/VEXcode Pro V5.app/Contents/Resources/sdk/vexv5/libv5rt.a(vex_controller.cpp.obj)
                0x0000000003802d2c                vex::controller::axis::_joystickToChangedEvent()
 .text._ZN3vex10controller4axisC2ENS0_9tAxisTypeEPS0_
                0x0000000003802d4c       0x2c /Applications/VEXcode Pro V5.app/Contents/Resources/sdk/vexv5/libv5rt.a(vex_controller.cpp.obj)
                0x0000000003802d4c                vex::controller::axis::axis(vex::controller::tAxisType, vex::controller*)
                0x0000000003802d4c                vex::controller::axis::axis(vex::controller::tAxisType, vex::controller*)
 .text._ZN3vex10controllerC2ENS_14controllerTypeE
                0x0000000003802d78      0x204 /Applications/VEXcode Pro V5.app/Contents/Resources/sdk/vexv5/libv5rt.a(vex_controller.cpp.obj)
                0x0000000003802d78                vex::controller::controller(vex::controllerType)
                0x0000000003802d78                vex::controller::controller(vex::controllerType)
 .text._ZN3vex10controller3lcd15getControllerIdEv
                0x0000000003802f7c       0x10 /Applications/VEXcode Pro V5.app/Contents/Resources/sdk/vexv5/libv5rt.a(vex_controller.cpp.obj)
                0x0000000003802f7c                vex::controller::lcd::getControllerId()
 .text._ZN3vex10controller3lcd5printEPKcz
                0x0000000003802f8c       0x80 /Applications/VEXcode Pro V5.app/Contents/Resources/sdk/vexv5/libv5rt.a(vex_controller.cpp.obj)
                0x0000000003802f8c                vex::controller::lcd::print(char const*, ...)
 .text._ZN3vex4taskC2EPFivE
                0x000000000380300c       0x5c /Applications/VEXcode Pro V5.app/Contents/Resources/sdk/vexv5/libv5rt.a(vex_task.cpp.obj)
                0x000000000380300c                vex::task::task(int (*)())
                0x000000000380300c                vex::task::task(int (*)())
 .text._ZN3vex4taskD2Ev
                0x0000000003803068        0x4 /Applications/VEXcode Pro V5.app/Contents/Resources/sdk/vexv5/libv5rt.a(vex_task.cpp.obj)
                0x0000000003803068                vex::task::~task()
                0x0000000003803068                vex::task::~task()
 .text._ZN3vex4task4stopERKS0_
                0x000000000380306c       0x18 /Applications/VEXcode Pro V5.app/Contents/Resources/sdk/vexv5/libv5rt.a(vex_task.cpp.obj)
                0x000000000380306c                vex::task::stop(vex::task const&)
 .text._ZN3vex4task5sleepEm
                0x0000000003803084        0x4 /Applications/VEXcode Pro V5.app/Contents/Resources/sdk/vexv5/libv5rt.a(vex_task.cpp.obj)
                0x0000000003803084                vex::task::sleep(unsigned long)
 .text._ZN3vex4task6_indexEPFivE
                0x0000000003803088       0x14 /Applications/VEXcode Pro V5.app/Contents/Resources/sdk/vexv5/libv5rt.a(vex_task.cpp.obj)
                0x0000000003803088                vex::task::_index(int (*)())
 .text._ZN3vex4task8_stopAllEv
                0x000000000380309c       0x3c /Applications/VEXcode Pro V5.app/Contents/Resources/sdk/vexv5/libv5rt.a(vex_task.cpp.obj)
                0x000000000380309c                vex::task::_stopAll()
 .text._ZN3vex11this_thread9sleep_forEm
                0x00000000038030d8        0x4 /Applications/VEXcode Pro V5.app/Contents/Resources/sdk/vexv5/libv5rt.a(vex_thread.cpp.obj)
                0x00000000038030d8                vex::this_thread::sleep_for(unsigned long)
 .text._ZN3vex5event4initEmmPFvvE
                0x00000000038030dc        0x4 /Applications/VEXcode Pro V5.app/Contents/Resources/sdk/vexv5/libv5rt.a(vex_event.cpp.obj)
                0x00000000038030dc                vex::event::init(unsigned long, unsigned long, void (*)())
 .text._ZN3vex5event4initEmmPFvPvES1_
                0x00000000038030e0        0x4 /Applications/VEXcode Pro V5.app/Contents/Resources/sdk/vexv5/libv5rt.a(vex_event.cpp.obj)
                0x00000000038030e0                vex::event::init(unsigned long, unsigned long, void (*)(void*), void*)
 .text._ZN3vex5event9userindexEv
                0x00000000038030e4        0x4 /Applications/VEXcode Pro V5.app/Contents/Resources/sdk/vexv5/libv5rt.a(vex_event.cpp.obj)
                0x00000000038030e4                vex::event::userindex()
 .text._ZZN3vex6meventC4EmmENUlvE_4_FUNEv
                0x00000000038030e8        0x4 /Applications/VEXcode Pro V5.app/Contents/Resources/sdk/vexv5/libv5rt.a(vex_mevent.cpp.obj)
 .text._ZN3vex6meventC2Emm
                0x00000000038030ec       0x70 /Applications/VEXcode Pro V5.app/Contents/Resources/sdk/vexv5/libv5rt.a(vex_mevent.cpp.obj)
                0x00000000038030ec                vex::mevent::mevent(unsigned long, unsigned long)
                0x00000000038030ec                vex::mevent::mevent(unsigned long, unsigned long)
 .text._ZN3vex5brain9_getIndexEv
                0x000000000380315c       0x10 /Applications/VEXcode Pro V5.app/Contents/Resources/sdk/vexv5/libv5rt.a(vex_brain.cpp.obj)
                0x000000000380315c                vex::brain::_getIndex()
 .text._ZN3vex5brain3lcd9setCursorEll
                0x000000000380316c       0x44 /Applications/VEXcode Pro V5.app/Contents/Resources/sdk/vexv5/libv5rt.a(vex_brain.cpp.obj)
                0x000000000380316c                vex::brain::lcd::setCursor(long, long)
 .text._ZN3vex5brain3lcd7setFontENS_8fontTypeE
                0x00000000038031b0      0x23c /Applications/VEXcode Pro V5.app/Contents/Resources/sdk/vexv5/libv5rt.a(vex_brain.cpp.obj)
                0x00000000038031b0                vex::brain::lcd::setFont(vex::fontType)
 .text._ZN3vex5brain3lcdC2Ev
                0x00000000038033ec       0x94 /Applications/VEXcode Pro V5.app/Contents/Resources/sdk/vexv5/libv5rt.a(vex_brain.cpp.obj)
                0x00000000038033ec                vex::brain::lcd::lcd()
                0x00000000038033ec                vex::brain::lcd::lcd()
 .text._ZN3vex5brainC2Ev
                0x0000000003803480       0x38 /Applications/VEXcode Pro V5.app/Contents/Resources/sdk/vexv5/libv5rt.a(vex_brain.cpp.obj)
                0x0000000003803480                vex::brain::brain()
                0x0000000003803480                vex::brain::brain()
 .text._ZN3vex5brain3lcd12_clearScreenEm
                0x00000000038034b8       0x38 /Applications/VEXcode Pro V5.app/Contents/Resources/sdk/vexv5/libv5rt.a(vex_brain.cpp.obj)
                0x00000000038034b8                vex::brain::lcd::_clearScreen(unsigned long)
 .text._ZN3vex5brain3lcd11clearScreenERKNS_5colorE
                0x00000000038034f0       0x20 /Applications/VEXcode Pro V5.app/Contents/Resources/sdk/vexv5/libv5rt.a(vex_brain.cpp.obj)
                0x00000000038034f0                vex::brain::lcd::clearScreen(vex::color const&)
 .text._ZN3vex5brain3lcd11clearScreenEv
                0x0000000003803510       0x2c /Applications/VEXcode Pro V5.app/Contents/Resources/sdk/vexv5/libv5rt.a(vex_brain.cpp.obj)
                0x0000000003803510                vex::brain::lcd::clearScreen()
 .text._ZN3vex5brain3lcd13drawRectangleEiiii
                0x000000000380353c       0xdc /Applications/VEXcode Pro V5.app/Contents/Resources/sdk/vexv5/libv5rt.a(vex_brain.cpp.obj)
                0x000000000380353c                vex::brain::lcd::drawRectangle(int, int, int, int)
 .text._ZN3vex5brain3lcd9xPositionEv
                0x0000000003803618       0x24 /Applications/VEXcode Pro V5.app/Contents/Resources/sdk/vexv5/libv5rt.a(vex_brain.cpp.obj)
                0x0000000003803618                vex::brain::lcd::xPosition()
 .text._ZN3vex5brain3lcd9yPositionEv
                0x000000000380363c       0x24 /Applications/VEXcode Pro V5.app/Contents/Resources/sdk/vexv5/libv5rt.a(vex_brain.cpp.obj)
                0x000000000380363c                vex::brain::lcd::yPosition()
 .text._ZN3vex5brain3lcd8pressingEv
                0x0000000003803660       0x20 /Applications/VEXcode Pro V5.app/Contents/Resources/sdk/vexv5/libv5rt.a(vex_brain.cpp.obj)
                0x0000000003803660                vex::brain::lcd::pressing()
 .text._ZN3vex5brainD2Ev
                0x0000000003803680       0x20 /Applications/VEXcode Pro V5.app/Contents/Resources/sdk/vexv5/libv5rt.a(vex_brain.cpp.obj)
                0x0000000003803680                vex::brain::~brain()
                0x0000000003803680                vex::brain::~brain()
 .text._ZN3vex11competition11_autonomousEv
                0x00000000038036a0       0x90 /Applications/VEXcode Pro V5.app/Contents/Resources/sdk/vexv5/libv5rt.a(vex_competition.cpp.obj)
                0x00000000038036a0                vex::competition::_autonomous()
 .text._ZN3vex11competition14_drivercontrolEv
                0x0000000003803730       0x90 /Applications/VEXcode Pro V5.app/Contents/Resources/sdk/vexv5/libv5rt.a(vex_competition.cpp.obj)
                0x0000000003803730                vex::competition::_drivercontrol()
 .text._ZN3vex11competition8_disableEPv
                0x00000000038037c0       0xc8 /Applications/VEXcode Pro V5.app/Contents/Resources/sdk/vexv5/libv5rt.a(vex_competition.cpp.obj)
                0x00000000038037c0                vex::competition::_disable(void*)
 .text._ZN3vex11competitionC2Ev
                0x0000000003803888      0x13c /Applications/VEXcode Pro V5.app/Contents/Resources/sdk/vexv5/libv5rt.a(vex_competition.cpp.obj)
                0x0000000003803888                vex::competition::competition()
                0x0000000003803888                vex::competition::competition()
 .text._ZN3vex11competitionD2Ev
                0x00000000038039c4        0x4 /Applications/VEXcode Pro V5.app/Contents/Resources/sdk/vexv5/libv5rt.a(vex_competition.cpp.obj)
                0x00000000038039c4                vex::competition::~competition()
                0x00000000038039c4                vex::competition::~competition()
 .text._ZN3vex11competition10autonomousEPFvvE
                0x00000000038039c8       0x44 /Applications/VEXcode Pro V5.app/Contents/Resources/sdk/vexv5/libv5rt.a(vex_competition.cpp.obj)
                0x00000000038039c8                vex::competition::autonomous(void (*)())
 .text._ZN3vex11competition13drivercontrolEPFvvE
                0x0000000003803a0c       0x44 /Applications/VEXcode Pro V5.app/Contents/Resources/sdk/vexv5/libv5rt.a(vex_competition.cpp.obj)
                0x0000000003803a0c                vex::competition::drivercontrol(void (*)())
 .text._ZN3vex7triportD2Ev
                0x0000000003803a50       0x38 /Applications/VEXcode Pro V5.app/Contents/Resources/sdk/vexv5/libv5rt.a(vex_triport.cpp.obj)
                0x0000000003803a50                vex::triport::~triport()
                0x0000000003803a50                vex::triport::~triport()
 .text._ZN3vex7triportD0Ev
                0x0000000003803a88       0x1c /Applications/VEXcode Pro V5.app/Contents/Resources/sdk/vexv5/libv5rt.a(vex_triport.cpp.obj)
                0x0000000003803a88                vex::triport::~triport()
 .text._ZN3vex7triport9installedEv
                0x0000000003803aa4       0x18 /Applications/VEXcode Pro V5.app/Contents/Resources/sdk/vexv5/libv5rt.a(vex_triport.cpp.obj)
                0x0000000003803aa4                vex::triport::installed()
 .text._ZN3vex7triport4portC2ElPS0_
                0x0000000003803abc       0x74 /Applications/VEXcode Pro V5.app/Contents/Resources/sdk/vexv5/libv5rt.a(vex_triport.cpp.obj)
                0x0000000003803abc                vex::triport::port::port(long, vex::triport*)
                0x0000000003803abc                vex::triport::port::port(long, vex::triport*)
 .text._ZN3vex7triportC2El
                0x0000000003803b30       0xf0 /Applications/VEXcode Pro V5.app/Contents/Resources/sdk/vexv5/libv5rt.a(vex_triport.cpp.obj)
                0x0000000003803b30                vex::triport::triport(long)
                0x0000000003803b30                vex::triport::triport(long)
 .text._ZN3vex7triport4port4typeENS_11triportTypeE
                0x0000000003803c20       0x30 /Applications/VEXcode Pro V5.app/Contents/Resources/sdk/vexv5/libv5rt.a(vex_triport.cpp.obj)
                0x0000000003803c20                vex::triport::port::type(vex::triportType)
 .text._ZN3vex7triport4port4typeEv
                0x0000000003803c50       0x38 /Applications/VEXcode Pro V5.app/Contents/Resources/sdk/vexv5/libv5rt.a(vex_triport.cpp.obj)
                0x0000000003803c50                vex::triport::port::type()
 .text._ZN3vex7triport4port5valueEv
                0x0000000003803c88       0x14 /Applications/VEXcode Pro V5.app/Contents/Resources/sdk/vexv5/libv5rt.a(vex_triport.cpp.obj)
                0x0000000003803c88                vex::triport::port::value()
 .text._ZN3vex7triport4port5valueEl
                0x0000000003803c9c       0x18 /Applications/VEXcode Pro V5.app/Contents/Resources/sdk/vexv5/libv5rt.a(vex_triport.cpp.obj)
                0x0000000003803c9c                vex::triport::port::value(long)
 .text._ZN3vex11__trideviceC2ERNS_7triport4portENS_11triportTypeE
                0x0000000003803cb4       0x5c /Applications/VEXcode Pro V5.app/Contents/Resources/sdk/vexv5/libv5rt.a(vex_triport.cpp.obj)
                0x0000000003803cb4                vex::__tridevice::__tridevice(vex::triport::port&, vex::triportType)
                0x0000000003803cb4                vex::__tridevice::__tridevice(vex::triport::port&, vex::triportType)
 .text._ZN3vex5limitC2ERNS_7triport4portE
                0x0000000003803d10       0x28 /Applications/VEXcode Pro V5.app/Contents/Resources/sdk/vexv5/libv5rt.a(vex_triport.cpp.obj)
                0x0000000003803d10                vex::limit::limit(vex::triport::port&)
                0x0000000003803d10                vex::limit::limit(vex::triport::port&)
 .text._ZN3vex5limitD2Ev
                0x0000000003803d38        0x4 /Applications/VEXcode Pro V5.app/Contents/Resources/sdk/vexv5/libv5rt.a(vex_triport.cpp.obj)
                0x0000000003803d38                vex::limit::~limit()
                0x0000000003803d38                vex::limit::~limit()
 .text._ZN3vex5limit5valueEv
                0x0000000003803d3c        0x8 /Applications/VEXcode Pro V5.app/Contents/Resources/sdk/vexv5/libv5rt.a(vex_triport.cpp.obj)
                0x0000000003803d3c                vex::limit::value()
 .text._ZN3vex11digital_outC2ERNS_7triport4portE
                0x0000000003803d44       0x18 /Applications/VEXcode Pro V5.app/Contents/Resources/sdk/vexv5/libv5rt.a(vex_triport.cpp.obj)
                0x0000000003803d44                vex::digital_out::digital_out(vex::triport::port&)
                0x0000000003803d44                vex::digital_out::digital_out(vex::triport::port&)
 .text._ZN3vex11digital_outD2Ev
                0x0000000003803d5c        0x4 /Applications/VEXcode Pro V5.app/Contents/Resources/sdk/vexv5/libv5rt.a(vex_triport.cpp.obj)
                0x0000000003803d5c                vex::digital_out::~digital_out()
                0x0000000003803d5c                vex::digital_out::~digital_out()
 .text._ZN3vex11digital_out5valueEv
                0x0000000003803d60        0x8 /Applications/VEXcode Pro V5.app/Contents/Resources/sdk/vexv5/libv5rt.a(vex_triport.cpp.obj)
                0x0000000003803d60                vex::digital_out::value()
 .text._ZN3vex11digital_out3setEb
                0x0000000003803d68        0x8 /Applications/VEXcode Pro V5.app/Contents/Resources/sdk/vexv5/libv5rt.a(vex_triport.cpp.obj)
                0x0000000003803d68                vex::digital_out::set(bool)
 .text.startup._GLOBAL__sub_I__ZN3vex7triportC2El
                0x0000000003803d70       0x30 /Applications/VEXcode Pro V5.app/Contents/Resources/sdk/vexv5/libv5rt.a(vex_triport.cpp.obj)
 .text._ZN3vex5colorD2Ev
                0x0000000003803da0        0x4 /Applications/VEXcode Pro V5.app/Contents/Resources/sdk/vexv5/libv5rt.a(vex_color.cpp.obj)
                0x0000000003803da0                vex::color::~color()
                0x0000000003803da0                vex::color::~color()
 .text._ZNK3vex5colorcvmEv
                0x0000000003803da4        0x8 /Applications/VEXcode Pro V5.app/Contents/Resources/sdk/vexv5/libv5rt.a(vex_color.cpp.obj)
                0x0000000003803da4                vex::color::operator unsigned long() const
 .text.startup._GLOBAL__sub_I__ZN3vex5color5blackE
                0x0000000003803dac      0x164 /Applications/VEXcode Pro V5.app/Contents/Resources/sdk/vexv5/libv5rt.a(vex_color.cpp.obj)
 .text._ZN3vex5timerD2Ev
                0x0000000003803f10        0x4 /Applications/VEXcode Pro V5.app/Contents/Resources/sdk/vexv5/libv5rt.a(vex_timer.cpp.obj)
                0x0000000003803f10                vex::timer::~timer()
                0x0000000003803f10                vex::timer::~timer()
 .text._ZN3vex5timer5clearEv
                0x0000000003803f14       0x1c /Applications/VEXcode Pro V5.app/Contents/Resources/sdk/vexv5/libv5rt.a(vex_timer.cpp.obj)
                0x0000000003803f14                vex::timer::clear()
 .text._ZN3vex5timerC2Ev
                0x0000000003803f30       0x14 /Applications/VEXcode Pro V5.app/Contents/Resources/sdk/vexv5/libv5rt.a(vex_timer.cpp.obj)
                0x0000000003803f30                vex::timer::timer()
                0x0000000003803f30                vex::timer::timer()
 .text._ZN3vex11motor_group18motor_group_motorsC2Ev
                0x0000000003803f44       0x28 /Applications/VEXcode Pro V5.app/Contents/Resources/sdk/vexv5/libv5rt.a(vex_motorgroup.cpp.obj)
                0x0000000003803f44                vex::motor_group::motor_group_motors::motor_group_motors()
                0x0000000003803f44                vex::motor_group::motor_group_motors::motor_group_motors()
 .text._ZN3vex11motor_groupC2Ev
                0x0000000003803f6c       0x1c /Applications/VEXcode Pro V5.app/Contents/Resources/sdk/vexv5/libv5rt.a(vex_motorgroup.cpp.obj)
                0x0000000003803f6c                vex::motor_group::motor_group()
                0x0000000003803f6c                vex::motor_group::motor_group()
 .text._ZN3vex11motor_groupD2Ev
                0x0000000003803f88        0x4 /Applications/VEXcode Pro V5.app/Contents/Resources/sdk/vexv5/libv5rt.a(vex_motorgroup.cpp.obj)
                0x0000000003803f88                vex::motor_group::~motor_group()
                0x0000000003803f88                vex::motor_group::~motor_group()
 .text._ZN3vex11motor_group9_addMotorERNS_5motorE
                0x0000000003803f8c       0x20 /Applications/VEXcode Pro V5.app/Contents/Resources/sdk/vexv5/libv5rt.a(vex_motorgroup.cpp.obj)
                0x0000000003803f8c                vex::motor_group::_addMotor(vex::motor&)
 .text._ZN3vex11motor_group11setVelocityEdNS_13velocityUnitsE
                0x0000000003803fac       0x4c /Applications/VEXcode Pro V5.app/Contents/Resources/sdk/vexv5/libv5rt.a(vex_motorgroup.cpp.obj)
                0x0000000003803fac                vex::motor_group::setVelocity(double, vex::velocityUnits)
 .text._ZN3vex11motor_group13resetRotationEv
                0x0000000003803ff8       0x30 /Applications/VEXcode Pro V5.app/Contents/Resources/sdk/vexv5/libv5rt.a(vex_motorgroup.cpp.obj)
                0x0000000003803ff8                vex::motor_group::resetRotation()
 .text._ZN3vex11motor_group13resetPositionEv
                0x0000000003804028        0x4 /Applications/VEXcode Pro V5.app/Contents/Resources/sdk/vexv5/libv5rt.a(vex_motorgroup.cpp.obj)
                0x0000000003804028                vex::motor_group::resetPosition()
 .text._ZN3vex11motor_group4spinENS_13directionTypeEdNS_13velocityUnitsE
                0x000000000380402c       0x54 /Applications/VEXcode Pro V5.app/Contents/Resources/sdk/vexv5/libv5rt.a(vex_motorgroup.cpp.obj)
                0x000000000380402c                vex::motor_group::spin(vex::directionType, double, vex::velocityUnits)
 .text._ZN3vex11motor_group10isSpinningEv
                0x0000000003804080       0x40 /Applications/VEXcode Pro V5.app/Contents/Resources/sdk/vexv5/libv5rt.a(vex_motorgroup.cpp.obj)
                0x0000000003804080                vex::motor_group::isSpinning()
 .text._ZN3vex11motor_group6isDoneEv
                0x00000000038040c0       0x14 /Applications/VEXcode Pro V5.app/Contents/Resources/sdk/vexv5/libv5rt.a(vex_motorgroup.cpp.obj)
                0x00000000038040c0                vex::motor_group::isDone()
 .text._ZN3vex11motor_group4stopEv
                0x00000000038040d4       0x30 /Applications/VEXcode Pro V5.app/Contents/Resources/sdk/vexv5/libv5rt.a(vex_motorgroup.cpp.obj)
                0x00000000038040d4                vex::motor_group::stop()
 .text._ZN3vex11motor_group4stopENS_9brakeTypeE
                0x0000000003804104       0x38 /Applications/VEXcode Pro V5.app/Contents/Resources/sdk/vexv5/libv5rt.a(vex_motorgroup.cpp.obj)
                0x0000000003804104                vex::motor_group::stop(vex::brakeType)
 .text._ZN3vex11motor_group20waitForCompletionAllEv
                0x000000000380413c       0x60 /Applications/VEXcode Pro V5.app/Contents/Resources/sdk/vexv5/libv5rt.a(vex_motorgroup.cpp.obj)
                0x000000000380413c                vex::motor_group::waitForCompletionAll()
 .text._ZN3vex11motor_group9rotateForEdNS_13rotationUnitsEdNS_13velocityUnitsEb
                0x000000000380419c       0x98 /Applications/VEXcode Pro V5.app/Contents/Resources/sdk/vexv5/libv5rt.a(vex_motorgroup.cpp.obj)
                0x000000000380419c                vex::motor_group::rotateFor(double, vex::rotationUnits, double, vex::velocityUnits, bool)
 .text._ZN3vex11motor_group7spinForEdNS_13rotationUnitsEdNS_13velocityUnitsEb
                0x0000000003804234       0x14 /Applications/VEXcode Pro V5.app/Contents/Resources/sdk/vexv5/libv5rt.a(vex_motorgroup.cpp.obj)
                0x0000000003804234                vex::motor_group::spinFor(double, vex::rotationUnits, double, vex::velocityUnits, bool)
 .text.vexAdiPortConfigSet
                0x0000000003804248       0x28 /Applications/VEXcode Pro V5.app/Contents/Resources/sdk/vexv5/libv5rt.a(v5_apiuser.c.obj)
                0x0000000003804248                vexAdiPortConfigSet
 .text.vexAdiPortConfigGet
                0x0000000003804270       0x28 /Applications/VEXcode Pro V5.app/Contents/Resources/sdk/vexv5/libv5rt.a(v5_apiuser.c.obj)
                0x0000000003804270                vexAdiPortConfigGet
 .text.vexAdiValueSet
                0x0000000003804298       0x28 /Applications/VEXcode Pro V5.app/Contents/Resources/sdk/vexv5/libv5rt.a(v5_apiuser.c.obj)
                0x0000000003804298                vexAdiValueSet
 .text.vexAdiValueGet
                0x00000000038042c0       0x20 /Applications/VEXcode Pro V5.app/Contents/Resources/sdk/vexv5/libv5rt.a(v5_apiuser.c.obj)
                0x00000000038042c0                vexAdiValueGet
 .text.vexMotorVelocitySet
                0x00000000038042e0       0x20 /Applications/VEXcode Pro V5.app/Contents/Resources/sdk/vexv5/libv5rt.a(v5_apiuser.c.obj)
                0x00000000038042e0                vexMotorVelocitySet
 .text.vexMotorActualVelocityGet
                0x0000000003804300       0x24 /Applications/VEXcode Pro V5.app/Contents/Resources/sdk/vexv5/libv5rt.a(v5_apiuser.c.obj)
                0x0000000003804300                vexMotorActualVelocityGet
 .text.vexMotorZeroPositionFlagGet
                0x0000000003804324       0x18 /Applications/VEXcode Pro V5.app/Contents/Resources/sdk/vexv5/libv5rt.a(v5_apiuser.c.obj)
                0x0000000003804324                vexMotorZeroPositionFlagGet
 .text.vexMotorReverseFlagSet
                0x000000000380433c       0x20 /Applications/VEXcode Pro V5.app/Contents/Resources/sdk/vexv5/libv5rt.a(v5_apiuser.c.obj)
                0x000000000380433c                vexMotorReverseFlagSet
 .text.vexMotorEncoderUnitsSet
                0x000000000380435c       0x20 /Applications/VEXcode Pro V5.app/Contents/Resources/sdk/vexv5/libv5rt.a(v5_apiuser.c.obj)
                0x000000000380435c                vexMotorEncoderUnitsSet
 .text.vexMotorBrakeModeSet
                0x000000000380437c       0x20 /Applications/VEXcode Pro V5.app/Contents/Resources/sdk/vexv5/libv5rt.a(v5_apiuser.c.obj)
                0x000000000380437c                vexMotorBrakeModeSet
 .text.vexMotorPositionSet
                0x000000000380439c       0x28 /Applications/VEXcode Pro V5.app/Contents/Resources/sdk/vexv5/libv5rt.a(v5_apiuser.c.obj)
                0x000000000380439c                vexMotorPositionSet
 .text.vexMotorPositionGet
                0x00000000038043c4       0x24 /Applications/VEXcode Pro V5.app/Contents/Resources/sdk/vexv5/libv5rt.a(v5_apiuser.c.obj)
                0x00000000038043c4                vexMotorPositionGet
 .text.vexMotorAbsoluteTargetSet
                0x00000000038043e8       0x30 /Applications/VEXcode Pro V5.app/Contents/Resources/sdk/vexv5/libv5rt.a(v5_apiuser.c.obj)
                0x00000000038043e8                vexMotorAbsoluteTargetSet
 .text.vexMotorRelativeTargetSet
                0x0000000003804418       0x30 /Applications/VEXcode Pro V5.app/Contents/Resources/sdk/vexv5/libv5rt.a(v5_apiuser.c.obj)
                0x0000000003804418                vexMotorRelativeTargetSet
 .text.vexMotorGearingSet
                0x0000000003804448       0x20 /Applications/VEXcode Pro V5.app/Contents/Resources/sdk/vexv5/libv5rt.a(v5_apiuser.c.obj)
                0x0000000003804448                vexMotorGearingSet
 .text.vexMotorGearingGet
                0x0000000003804468       0x18 /Applications/VEXcode Pro V5.app/Contents/Resources/sdk/vexv5/libv5rt.a(v5_apiuser.c.obj)
                0x0000000003804468                vexMotorGearingGet
 .text.vexImuReset
                0x0000000003804480       0x10 /Applications/VEXcode Pro V5.app/Contents/Resources/sdk/vexv5/libv5rt.a(v5_apiuser.c.obj)
                0x0000000003804480                vexImuReset
 .text.vexImuHeadingGet
                0x0000000003804490       0x10 /Applications/VEXcode Pro V5.app/Contents/Resources/sdk/vexv5/libv5rt.a(v5_apiuser.c.obj)
                0x0000000003804490                vexImuHeadingGet
 .text.vexImuDegreesGet
                0x00000000038044a0       0x10 /Applications/VEXcode Pro V5.app/Contents/Resources/sdk/vexv5/libv5rt.a(v5_apiuser.c.obj)
                0x00000000038044a0                vexImuDegreesGet
 .text.vexImuStatusGet
                0x00000000038044b0       0x10 /Applications/VEXcode Pro V5.app/Contents/Resources/sdk/vexv5/libv5rt.a(v5_apiuser.c.obj)
                0x00000000038044b0                vexImuStatusGet
 .text.vexEventMaskSet
                0x00000000038044c0       0x28 /Applications/VEXcode Pro V5.app/Contents/Resources/sdk/vexv5/libv5rt.a(v5_apiuser.c.obj)
                0x00000000038044c0                vexEventMaskSet
 .text.vexEventMaskGet
                0x00000000038044e8       0x18 /Applications/VEXcode Pro V5.app/Contents/Resources/sdk/vexv5/libv5rt.a(v5_apiuser.c.obj)
                0x00000000038044e8                vexEventMaskGet
 .text._ZN3vex6deviceD2Ev
                0x0000000003804500        0x4 /Applications/VEXcode Pro V5.app/Contents/Resources/sdk/vexv5/libv5rt.a(vex_device.cpp.obj)
                0x0000000003804500                vex::device::~device()
                0x0000000003804500                vex::device::~device()
 .text._ZN3vex6device5valueEv
                0x0000000003804504        0x8 /Applications/VEXcode Pro V5.app/Contents/Resources/sdk/vexv5/libv5rt.a(vex_device.cpp.obj)
                0x0000000003804504                vex::device::value()
 .text._ZN3vex6deviceD0Ev
                0x000000000380450c       0x14 /Applications/VEXcode Pro V5.app/Contents/Resources/sdk/vexv5/libv5rt.a(vex_device.cpp.obj)
                0x000000000380450c                vex::device::~device()
 .text._ZN3vex6device4initEl
                0x0000000003804520       0x30 /Applications/VEXcode Pro V5.app/Contents/Resources/sdk/vexv5/libv5rt.a(vex_device.cpp.obj)
                0x0000000003804520                vex::device::init(long)
 .text._ZN3vex6deviceC2El
                0x0000000003804550       0x20 /Applications/VEXcode Pro V5.app/Contents/Resources/sdk/vexv5/libv5rt.a(vex_device.cpp.obj)
                0x0000000003804550                vex::device::device(long)
                0x0000000003804550                vex::device::device(long)
 .text._ZN3vex6device4typeEv
                0x0000000003804570       0x10 /Applications/VEXcode Pro V5.app/Contents/Resources/sdk/vexv5/libv5rt.a(vex_device.cpp.obj)
                0x0000000003804570                vex::device::type()
 .text._ZN3vex6device9installedEv
                0x0000000003804580       0x14 /Applications/VEXcode Pro V5.app/Contents/Resources/sdk/vexv5/libv5rt.a(vex_device.cpp.obj)
                0x0000000003804580                vex::device::installed()
 .text.__libc_fini_array
                0x0000000003804594       0x30 /Applications/VEXcode Pro V5.app/Contents/Resources/sdk/vexv5/gcc/libs/libc.a(lib_a-fini.o)
                0x0000000003804594                __libc_fini_array
 .text.__libc_init_array
                0x00000000038045c4       0x58 /Applications/VEXcode Pro V5.app/Contents/Resources/sdk/vexv5/gcc/libs/libc.a(lib_a-init.o)
                0x00000000038045c4                __libc_init_array
 *fill*         0x000000000380461c        0x4 
 .text.__libc_init_array.__stub
                0x0000000003804620       0x18 linker stubs
 *(.gnu.linkonce.t.*)
 *(.plt)
 *(.gnu_warning)
 *(.gcc_except_table)
 *(.glue_7)
 .glue_7        0x0000000003804638        0x0 linker stubs
 *(.glue_7t)
 .glue_7t       0x0000000003804638        0x0 linker stubs
 *(.vfp11_veneer)
 .vfp11_veneer  0x0000000003804638        0x0 linker stubs
 *(.ARM.extab)
 *(.gnu.linkonce.armextab.*)

.v4_bx          0x0000000003804638        0x0
 .v4_bx         0x0000000003804638        0x0 linker stubs

.iplt           0x0000000003804638        0x0
 .iplt          0x0000000003804638        0x0 build/src/main.o

.init
 *(.init)

.fini
 *(.fini)

.rodata         0x0000000003804638      0x1b4
                0x0000000003804638                __rodata_start = .
 *(.rodata)
 *(.rodata.*)
 .rodata.str1.1
                0x0000000003804638       0x19 build/src/main.o
                                         0x1c (size before relaxing)
 .rodata.str1.1
                0x0000000003804651       0x2e /Applications/VEXcode Pro V5.app/Contents/Resources/sdk/vexv5/libv5rt.a(v5_startup.c.obj)
 *fill*         0x000000000380467f        0x1 
 .rodata._ZN3vex5PORT1E
                0x0000000003804680        0x4 /Applications/VEXcode Pro V5.app/Contents/Resources/sdk/vexv5/libv5rt.a(vex_global.cpp.obj)
                0x0000000003804680                vex::PORT1
 .rodata._ZN3vex4msecE
                0x0000000003804684        0x4 /Applications/VEXcode Pro V5.app/Contents/Resources/sdk/vexv5/libv5rt.a(vex_global.cpp.obj)
                0x0000000003804684                vex::msec
 .rodata._ZN3vex9ratio36_1E
                0x0000000003804688        0x4 /Applications/VEXcode Pro V5.app/Contents/Resources/sdk/vexv5/libv5rt.a(vex_global.cpp.obj)
                0x0000000003804688                vex::ratio36_1
 .rodata._ZN3vex5PORT2E
                0x000000000380468c        0x4 /Applications/VEXcode Pro V5.app/Contents/Resources/sdk/vexv5/libv5rt.a(vex_global.cpp.obj)
                0x000000000380468c                vex::PORT2
 .rodata._ZN3vex6PORT11E
                0x0000000003804690        0x4 /Applications/VEXcode Pro V5.app/Contents/Resources/sdk/vexv5/libv5rt.a(vex_global.cpp.obj)
                0x0000000003804690                vex::PORT11
 .rodata._ZN3vex5PORT6E
                0x0000000003804694        0x4 /Applications/VEXcode Pro V5.app/Contents/Resources/sdk/vexv5/libv5rt.a(vex_global.cpp.obj)
                0x0000000003804694                vex::PORT6
 .rodata._ZN3vex7primaryE
                0x0000000003804698        0x4 /Applications/VEXcode Pro V5.app/Contents/Resources/sdk/vexv5/libv5rt.a(vex_global.cpp.obj)
                0x0000000003804698                vex::primary
 .rodata._ZN3vex6PORT19E
                0x000000000380469c        0x4 /Applications/VEXcode Pro V5.app/Contents/Resources/sdk/vexv5/libv5rt.a(vex_global.cpp.obj)
                0x000000000380469c                vex::PORT19
 .rodata._ZN3vex7degreesE
                0x00000000038046a0        0x4 /Applications/VEXcode Pro V5.app/Contents/Resources/sdk/vexv5/libv5rt.a(vex_global.cpp.obj)
                0x00000000038046a0                vex::degrees
 .rodata._ZN3vex6PORT22E
                0x00000000038046a4        0x4 /Applications/VEXcode Pro V5.app/Contents/Resources/sdk/vexv5/libv5rt.a(vex_global.cpp.obj)
                0x00000000038046a4                vex::PORT22
 .rodata._ZN3vex6PORT12E
                0x00000000038046a8        0x4 /Applications/VEXcode Pro V5.app/Contents/Resources/sdk/vexv5/libv5rt.a(vex_global.cpp.obj)
                0x00000000038046a8                vex::PORT12
 .rodata._ZN3vex8ratio6_1E
                0x00000000038046ac        0x4 /Applications/VEXcode Pro V5.app/Contents/Resources/sdk/vexv5/libv5rt.a(vex_global.cpp.obj)
                0x00000000038046ac                vex::ratio6_1
 .rodata._ZN3vex6PORT13E
                0x00000000038046b0        0x4 /Applications/VEXcode Pro V5.app/Contents/Resources/sdk/vexv5/libv5rt.a(vex_global.cpp.obj)
                0x00000000038046b0                vex::PORT13
 .rodata._ZN3vex5PORT8E
                0x00000000038046b4        0x4 /Applications/VEXcode Pro V5.app/Contents/Resources/sdk/vexv5/libv5rt.a(vex_global.cpp.obj)
                0x00000000038046b4                vex::PORT8
 .rodata._ZN3vex9ratio18_1E
                0x00000000038046b8        0x4 /Applications/VEXcode Pro V5.app/Contents/Resources/sdk/vexv5/libv5rt.a(vex_global.cpp.obj)
                0x00000000038046b8                vex::ratio18_1
 *fill*         0x00000000038046bc        0x4 
 .rodata._ZTVN3vex5motorE
                0x00000000038046c0       0x18 /Applications/VEXcode Pro V5.app/Contents/Resources/sdk/vexv5/libv5rt.a(vex_motor.cpp.obj)
                0x00000000038046c0                vtable for vex::motor
 .rodata._ZTVN3vex8inertialE
                0x00000000038046d8       0x60 /Applications/VEXcode Pro V5.app/Contents/Resources/sdk/vexv5/libv5rt.a(vex_imu.cpp.obj)
                0x00000000038046d8                vtable for vex::inertial
 .rodata.CSWTCH.16
                0x0000000003804738        0xb /Applications/VEXcode Pro V5.app/Contents/Resources/sdk/vexv5/libv5rt.a(vex_controller.cpp.obj)
 .rodata.CSWTCH.18
                0x0000000003804743        0xb /Applications/VEXcode Pro V5.app/Contents/Resources/sdk/vexv5/libv5rt.a(vex_controller.cpp.obj)
 .rodata.CSWTCH.24
                0x000000000380474e        0x3 /Applications/VEXcode Pro V5.app/Contents/Resources/sdk/vexv5/libv5rt.a(vex_controller.cpp.obj)
 .rodata.str1.1
                0x0000000003804751       0x14 /Applications/VEXcode Pro V5.app/Contents/Resources/sdk/vexv5/libv5rt.a(vex_task.cpp.obj)
 .rodata.str1.1
                0x0000000003804765       0x2d /Applications/VEXcode Pro V5.app/Contents/Resources/sdk/vexv5/libv5rt.a(vex_brain.cpp.obj)
 .rodata.CSWTCH.36
                0x0000000003804792       0x10 /Applications/VEXcode Pro V5.app/Contents/Resources/sdk/vexv5/libv5rt.a(vex_triport.cpp.obj)
 *fill*         0x00000000038047a2        0x6 
 .rodata._ZTVN3vex7triportE
                0x00000000038047a8       0x18 /Applications/VEXcode Pro V5.app/Contents/Resources/sdk/vexv5/libv5rt.a(vex_triport.cpp.obj)
                0x00000000038047a8                vtable for vex::triport
 .rodata.CSWTCH.31
                0x00000000038047c0        0xe /Applications/VEXcode Pro V5.app/Contents/Resources/sdk/vexv5/libv5rt.a(vex_triport.cpp.obj)
 *fill*         0x00000000038047ce        0x2 
 .rodata._ZTVN3vex6deviceE
                0x00000000038047d0       0x18 /Applications/VEXcode Pro V5.app/Contents/Resources/sdk/vexv5/libv5rt.a(vex_device.cpp.obj)
                0x00000000038047d0                vtable for vex::device
 .rodata.str1.4
                0x00000000038047e8        0x4 /Applications/VEXcode Pro V5.app/Contents/Resources/sdk/vexv5/gcc/libs/libc.a(lib_a-impure.o)
                                          0x2 (size before relaxing)
 *(.gnu.linkonce.r.*)
                0x00000000038047ec                __rodata_end = .

.rodata1        0x00000000038047ec        0x0
                0x00000000038047ec                __rodata1_start = .
 *(.rodata1)
 *(.rodata1.*)
                0x00000000038047ec                __rodata1_end = .

.sdata2         0x00000000038047ec        0x0
                0x00000000038047ec                __sdata2_start = .
 *(.sdata2)
 *(.sdata2.*)
 *(.gnu.linkonce.s2.*)
                0x00000000038047ec                __sdata2_end = .

.sbss2          0x00000000038047ec        0x0
                0x00000000038047ec                __sbss2_start = .
 *(.sbss2)
 *(.sbss2.*)
 *(.gnu.linkonce.sb2.*)
                0x00000000038047ec                __sbss2_end = .

.data           0x00000000038047f0      0x43c
                0x00000000038047f0                __data_start = .
 *(.data)
 *(.data.*)
 .data.appRunning
                0x00000000038047f0        0x4 /Applications/VEXcode Pro V5.app/Contents/Resources/sdk/vexv5/libv5rt.a(v5_startup.c.obj)
                0x00000000038047f0                appRunning
 .data.__yoff   0x00000000038047f4        0x4 /Applications/VEXcode Pro V5.app/Contents/Resources/sdk/vexv5/libv5rt.a(v5_apijump.c.obj)
 .data._ZN3vex24__default_motor_velocityE
                0x00000000038047f8        0x4 /Applications/VEXcode Pro V5.app/Contents/Resources/sdk/vexv5/libv5rt.a(vex_motor.cpp.obj)
                0x00000000038047f8                vex::__default_motor_velocity
 *fill*         0x00000000038047fc        0x4 
 .data.impure_data
                0x0000000003804800      0x428 /Applications/VEXcode Pro V5.app/Contents/Resources/sdk/vexv5/gcc/libs/libc.a(lib_a-impure.o)
 .data._impure_ptr
                0x0000000003804c28        0x4 /Applications/VEXcode Pro V5.app/Contents/Resources/sdk/vexv5/gcc/libs/libc.a(lib_a-impure.o)
                0x0000000003804c28                _impure_ptr
 *(.gnu.linkonce.d.*)
 *(.jcr)
 *(.got)
 *(.got.plt)
                0x0000000003804c2c                __data_end = .

.igot.plt       0x0000000003804c2c        0x0
 .igot.plt      0x0000000003804c2c        0x0 build/src/main.o

.data1          0x0000000003804c2c        0x0
                0x0000000003804c2c                __data1_start = .
 *(.data1)
 *(.data1.*)
                0x0000000003804c2c                __data1_end = .

.got
 *(.got)

.ctors          0x0000000003804c2c        0x0
                0x0000000003804c2c                __CTOR_LIST__ = .
                0x0000000003804c2c                ___CTORS_LIST___ = .
 *crtbegin.o(.ctors)
 *(EXCLUDE_FILE(*crtend.o) .ctors)
 *(SORT_BY_NAME(.ctors.*))
 *(.ctors)
                0x0000000003804c2c                __CTOR_END__ = .
                0x0000000003804c2c                ___CTORS_END___ = .

.dtors          0x0000000003804c2c        0x0
                0x0000000003804c2c                __DTOR_LIST__ = .
                0x0000000003804c2c                ___DTORS_LIST___ = .
 *crtbegin.o(.dtors)
 *(EXCLUDE_FILE(*crtend.o) .dtors)
 *(SORT_BY_NAME(.dtors.*))
 *(.dtors)
                0x0000000003804c2c                __DTOR_END__ = .
                0x0000000003804c2c                ___DTORS_END___ = .

.fixup          0x0000000003804c2c        0x0
                0x0000000003804c2c                __fixup_start = .
 *(.fixup)
                0x0000000003804c2c                __fixup_end = .

.eh_frame
 *(.eh_frame)

.eh_framehdr    0x0000000003804c2c        0x0
                0x0000000003804c2c                __eh_framehdr_start = .
 *(.eh_framehdr)
                0x0000000003804c2c                __eh_framehdr_end = .

.gcc_except_table
 *(.gcc_except_table)

.mmu_tbl        0x0000000003808000        0x0
                0x0000000003808000                __mmu_tbl_start = .
 *(.mmu_tbl)
                0x0000000003808000                __mmu_tbl_end = .

.ARM.exidx      0x0000000003804c2c        0x8
                0x0000000003804c2c                __exidx_start = .
 *(.ARM.exidx*)
 .ARM.exidx.text._Z20pneumaticSwitchFrontv
                0x0000000003804c2c        0x8 build/src/main.o
 .ARM.exidx.text._Z13InertialRightf
                0x0000000003804c34        0x0 build/src/main.o
                                          0x8 (size before relaxing)
 .ARM.exidx.text._Z12InertialLeftf
                0x0000000003804c34        0x0 build/src/main.o
                                          0x8 (size before relaxing)
 .ARM.exidx.text._Z7driveINiN3vex13directionTypeEib
                0x0000000003804c34        0x0 build/src/main.o
                                          0x8 (size before relaxing)
 .ARM.exidx.text._Z13leftAutonLeftv
                0x0000000003804c34        0x0 build/src/main.o
                                          0x8 (size before relaxing)
 .ARM.exidx.text._Z15leftAutonCenterv
                0x0000000003804c34        0x0 build/src/main.o
                                          0x8 (size before relaxing)
 .ARM.exidx.text._Z15rightAutonRightv
                0x0000000003804c34        0x0 build/src/main.o
                                          0x8 (size before relaxing)
 .ARM.exidx.text._Z16rightAutonCenterv
                0x0000000003804c34        0x0 build/src/main.o
                                          0x8 (size before relaxing)
 .ARM.exidx.text._Z12soloWinPointv
                0x0000000003804c34        0x0 build/src/main.o
                                          0x8 (size before relaxing)
 .ARM.exidx.text._Z9pre_autonv
                0x0000000003804c34        0x0 build/src/main.o
                                          0x8 (size before relaxing)
 .ARM.exidx.text._Z11usercontrolv
                0x0000000003804c34        0x0 build/src/main.o
                                          0x8 (size before relaxing)
 .ARM.exidx.text.main
                0x0000000003804c34        0x0 build/src/main.o
                                          0x8 (size before relaxing)
 .ARM.exidx.text._GLOBAL__sub_I_main.cpp
                0x0000000003804c34        0x0 build/src/main.o
                                          0x8 (size before relaxing)
 .ARM.exidx.text._Z11vexcodeInitv
                0x0000000003804c34        0x0 build/src/robot-config.o
                                          0x8 (size before relaxing)
 .ARM.exidx.text._GLOBAL__sub_I_robot_config.cpp
                0x0000000003804c34        0x0 build/src/robot-config.o
                                          0x8 (size before relaxing)
 *(.gnu.linkonce.armexidix.*.*)
                0x0000000003804c34                __exidx_end = .

.rel.dyn        0x0000000003804c34        0x0
 .rel.iplt      0x0000000003804c34        0x0 build/src/main.o

.preinit_array  0x0000000003804c34        0x0
                0x0000000003804c34                __preinit_array_start = .
 *(SORT_BY_NAME(.preinit_array.*))
 *(.preinit_array)
                0x0000000003804c34                __preinit_array_end = .

.init_array     0x0000000003804c34       0x10
                0x0000000003804c34                __init_array_start = .
 *(SORT_BY_NAME(.init_array.*))
 *(.init_array)
 .init_array    0x0000000003804c34        0x4 build/src/main.o
 .init_array    0x0000000003804c38        0x4 build/src/robot-config.o
 .init_array    0x0000000003804c3c        0x4 /Applications/VEXcode Pro V5.app/Contents/Resources/sdk/vexv5/libv5rt.a(vex_triport.cpp.obj)
 .init_array    0x0000000003804c40        0x4 /Applications/VEXcode Pro V5.app/Contents/Resources/sdk/vexv5/libv5rt.a(vex_color.cpp.obj)
                0x0000000003804c44                __init_array_end = .

.fini_array     0x0000000003804c44        0x0
                0x0000000003804c44                __fini_array_start = .
 *(SORT_BY_NAME(.fini_array.*))
 *(.fini_array)
                0x0000000003804c44                __fini_array_end = .

.ARM.attributes
                0x0000000003804c44       0x3c
                0x0000000003804c44                __ARM.attributes_start = .
 *(.ARM.attributes)
 .ARM.attributes
                0x0000000003804c44       0x3a build/src/main.o
 .ARM.attributes
                0x0000000003804c7e       0x3a build/src/robot-config.o
 .ARM.attributes
                0x0000000003804cb8       0x35 /Applications/VEXcode Pro V5.app/Contents/Resources/sdk/vexv5/libv5rt.a(v5_startup.c.obj)
 .ARM.attributes
                0x0000000003804ced       0x35 /Applications/VEXcode Pro V5.app/Contents/Resources/sdk/vexv5/libv5rt.a(v5_util.c.obj)
 .ARM.attributes
                0x0000000003804d22       0x35 /Applications/VEXcode Pro V5.app/Contents/Resources/sdk/vexv5/libv5rt.a(v5_apijump.c.obj)
 .ARM.attributes
                0x0000000003804d57       0x35 /Applications/VEXcode Pro V5.app/Contents/Resources/sdk/vexv5/libv5rt.a(v5_apiversions.c.obj)
 .ARM.attributes
                0x0000000003804d8c       0x35 /Applications/VEXcode Pro V5.app/Contents/Resources/sdk/vexv5/libv5rt.a(vex_global.cpp.obj)
 .ARM.attributes
                0x0000000003804dc1       0x35 /Applications/VEXcode Pro V5.app/Contents/Resources/sdk/vexv5/libv5rt.a(vex_motor.cpp.obj)
 .ARM.attributes
                0x0000000003804df6       0x35 /Applications/VEXcode Pro V5.app/Contents/Resources/sdk/vexv5/libv5rt.a(vex_imu.cpp.obj)
 .ARM.attributes
                0x0000000003804e2b       0x35 /Applications/VEXcode Pro V5.app/Contents/Resources/sdk/vexv5/libv5rt.a(vex_controller.cpp.obj)
 .ARM.attributes
                0x0000000003804e60       0x35 /Applications/VEXcode Pro V5.app/Contents/Resources/sdk/vexv5/libv5rt.a(vex_task.cpp.obj)
 .ARM.attributes
                0x0000000003804e95       0x35 /Applications/VEXcode Pro V5.app/Contents/Resources/sdk/vexv5/libv5rt.a(vex_thread.cpp.obj)
 .ARM.attributes
                0x0000000003804eca       0x35 /Applications/VEXcode Pro V5.app/Contents/Resources/sdk/vexv5/libv5rt.a(vex_event.cpp.obj)
 .ARM.attributes
                0x0000000003804eff       0x35 /Applications/VEXcode Pro V5.app/Contents/Resources/sdk/vexv5/libv5rt.a(vex_mevent.cpp.obj)
 .ARM.attributes
                0x0000000003804f34       0x35 /Applications/VEXcode Pro V5.app/Contents/Resources/sdk/vexv5/libv5rt.a(vex_brain.cpp.obj)
 .ARM.attributes
                0x0000000003804f69       0x35 /Applications/VEXcode Pro V5.app/Contents/Resources/sdk/vexv5/libv5rt.a(vex_competition.cpp.obj)
 .ARM.attributes
                0x0000000003804f9e       0x35 /Applications/VEXcode Pro V5.app/Contents/Resources/sdk/vexv5/libv5rt.a(vex_triport.cpp.obj)
 .ARM.attributes
                0x0000000003804fd3       0x35 /Applications/VEXcode Pro V5.app/Contents/Resources/sdk/vexv5/libv5rt.a(vex_color.cpp.obj)
 .ARM.attributes
                0x0000000003805008       0x35 /Applications/VEXcode Pro V5.app/Contents/Resources/sdk/vexv5/libv5rt.a(vex_timer.cpp.obj)
 .ARM.attributes
                0x000000000380503d       0x35 /Applications/VEXcode Pro V5.app/Contents/Resources/sdk/vexv5/libv5rt.a(vex_motorgroup.cpp.obj)
 .ARM.attributes
                0x0000000003805072       0x35 /Applications/VEXcode Pro V5.app/Contents/Resources/sdk/vexv5/libv5rt.a(v5_apiuser.c.obj)
 .ARM.attributes
                0x00000000038050a7       0x35 /Applications/VEXcode Pro V5.app/Contents/Resources/sdk/vexv5/libv5rt.a(vex_device.cpp.obj)
 .ARM.attributes
                0x00000000038050dc       0x2b /Applications/VEXcode Pro V5.app/Contents/Resources/sdk/vexv5/gcc/libs/libc.a(lib_a-fini.o)
 .ARM.attributes
                0x0000000003805107       0x2b /Applications/VEXcode Pro V5.app/Contents/Resources/sdk/vexv5/gcc/libs/libc.a(lib_a-impure.o)
 .ARM.attributes
                0x0000000003805132       0x2b /Applications/VEXcode Pro V5.app/Contents/Resources/sdk/vexv5/gcc/libs/libc.a(lib_a-init.o)
                0x000000000380515d                __ARM.attributes_end = .

.sdata          0x0000000003804c44        0x0
                0x0000000003804c44                __sdata_start = .
 *(.sdata)
 *(.sdata.*)
 *(.gnu.linkonce.s.*)
                0x0000000003804c44                __sdata_end = .

.sbss           0x0000000003804c44        0x0
                0x0000000003804c44                __sbss_start = .
 *(.sbss)
 *(.sbss.*)
 *(.gnu.linkonce.sb.*)
                0x0000000003804c44                __sbss_end = .

.tdata          0x0000000003804c44        0x0
                0x0000000003804c44                __tdata_start = .
 *(.tdata)
 *(.tdata.*)
 *(.gnu.linkonce.td.*)
                0x0000000003804c44                __tdata_end = .

.tbss           0x0000000003804c44        0x0
                0x0000000003804c44                __tbss_start = .
 *(.tbss)
 *(.tbss.*)
 *(.gnu.linkonce.tb.*)
                0x0000000003804c44                __tbss_end = .

.bss            0x0000000003804c48      0x731
                0x0000000003804c48                __bss_start = .
 *(.bss)
 *(.bss.*)
 .bss.Competition
                0x0000000003804c48       0x28 build/src/main.o
                0x0000000003804c48                Competition
 .bss.calcVelocity
                0x0000000003804c70        0x4 build/src/main.o
                0x0000000003804c70                calcVelocity
 .bss.prevTurn  0x0000000003804c74        0x4 build/src/main.o
                0x0000000003804c74                prevTurn
 .bss.heading   0x0000000003804c78        0x4 build/src/main.o
                0x0000000003804c78                heading
 .bss.Brain     0x0000000003804c7c      0x2bc build/src/robot-config.o
                0x0000000003804c7c                Brain
 .bss.frontMogo
                0x0000000003804f38       0x24 build/src/robot-config.o
                0x0000000003804f38                frontMogo
 .bss.rearMogo  0x0000000003804f5c       0x24 build/src/robot-config.o
                0x0000000003804f5c                rearMogo
 .bss.frontHook
                0x0000000003804f80       0x18 build/src/robot-config.o
                0x0000000003804f80                frontHook
 .bss.inertialSensor
                0x0000000003804f98       0x30 build/src/robot-config.o
                0x0000000003804f98                inertialSensor
 .bss.Controller1
                0x0000000003804fc8      0x1e0 build/src/robot-config.o
                0x0000000003804fc8                Controller1
 .bss.LeftDriveSmartMotorA
                0x00000000038051a8       0x24 build/src/robot-config.o
                0x00000000038051a8                LeftDriveSmartMotorA
 .bss.LeftDriveSmartMotorB
                0x00000000038051cc       0x24 build/src/robot-config.o
                0x00000000038051cc                LeftDriveSmartMotorB
 .bss.LeftDriveSmart
                0x00000000038051f0       0x48 build/src/robot-config.o
                0x00000000038051f0                LeftDriveSmart
 .bss.RightDriveSmartMotorA
                0x0000000003805238       0x24 build/src/robot-config.o
                0x0000000003805238                RightDriveSmartMotorA
 .bss.RightDriveSmartMotorB
                0x000000000380525c       0x24 build/src/robot-config.o
                0x000000000380525c                RightDriveSmartMotorB
 .bss.RightDriveSmart
                0x0000000003805280       0x48 build/src/robot-config.o
                0x0000000003805280                RightDriveSmart
 .bss.ringLift  0x00000000038052c8       0x24 build/src/robot-config.o
                0x00000000038052c8                ringLift
 .bss.rearMogoSwitch
                0x00000000038052ec       0x20 build/src/robot-config.o
                0x00000000038052ec                rearMogoSwitch
 .bss.__dso_handle
                0x000000000380530c        0x4 /Applications/VEXcode Pro V5.app/Contents/Resources/sdk/vexv5/libv5rt.a(v5_startup.c.obj)
                0x000000000380530c                __dso_handle
 .bss.lastTime.9623
                0x0000000003805310        0x4 /Applications/VEXcode Pro V5.app/Contents/Resources/sdk/vexv5/libv5rt.a(v5_apijump.c.obj)
 .bss._ZN3vex4task8_labelIdE
                0x0000000003805314        0x4 /Applications/VEXcode Pro V5.app/Contents/Resources/sdk/vexv5/libv5rt.a(vex_task.cpp.obj)
                0x0000000003805314                vex::task::_labelId
 .bss._ZN3vex11competition22bStopTasksBetweenModesE
                0x0000000003805318        0x1 /Applications/VEXcode Pro V5.app/Contents/Resources/sdk/vexv5/libv5rt.a(vex_competition.cpp.obj)
                0x0000000003805318                vex::competition::bStopTasksBetweenModes
 .bss._ZN3vex11competition15_driver_pendingE
                0x0000000003805319        0x1 /Applications/VEXcode Pro V5.app/Contents/Resources/sdk/vexv5/libv5rt.a(vex_competition.cpp.obj)
                0x0000000003805319                vex::competition::_driver_pending
 .bss._ZN3vex11competition14_auton_pendingE
                0x000000000380531a        0x1 /Applications/VEXcode Pro V5.app/Contents/Resources/sdk/vexv5/libv5rt.a(vex_competition.cpp.obj)
                0x000000000380531a                vex::competition::_auton_pending
 *fill*         0x000000000380531b        0x1 
 .bss._ZN3vex11competition23_drivercontrol_callbackE
                0x000000000380531c        0x4 /Applications/VEXcode Pro V5.app/Contents/Resources/sdk/vexv5/libv5rt.a(vex_competition.cpp.obj)
                0x000000000380531c                vex::competition::_drivercontrol_callback
 .bss._ZN3vex11competition20_autonomous_callbackE
                0x0000000003805320        0x4 /Applications/VEXcode Pro V5.app/Contents/Resources/sdk/vexv5/libv5rt.a(vex_competition.cpp.obj)
                0x0000000003805320                vex::competition::_autonomous_callback
 .bss._ZN3vex11competition25bStopAllTasksBetweenModesE
                0x0000000003805324        0x1 /Applications/VEXcode Pro V5.app/Contents/Resources/sdk/vexv5/libv5rt.a(vex_competition.cpp.obj)
                0x0000000003805324                vex::competition::bStopAllTasksBetweenModes
 .bss._ZStL8__ioinit
                0x0000000003805325        0x1 /Applications/VEXcode Pro V5.app/Contents/Resources/sdk/vexv5/libv5rt.a(vex_triport.cpp.obj)
 *fill*         0x0000000003805326        0x2 
 .bss._ZN3vex5color6orangeE
                0x0000000003805328        0x8 /Applications/VEXcode Pro V5.app/Contents/Resources/sdk/vexv5/libv5rt.a(vex_color.cpp.obj)
                0x0000000003805328                vex::color::orange
 .bss._ZN3vex5color5blackE
                0x0000000003805330        0x8 /Applications/VEXcode Pro V5.app/Contents/Resources/sdk/vexv5/libv5rt.a(vex_color.cpp.obj)
                0x0000000003805330                vex::color::black
 .bss._ZN3vex5color6yellowE
                0x0000000003805338        0x8 /Applications/VEXcode Pro V5.app/Contents/Resources/sdk/vexv5/libv5rt.a(vex_color.cpp.obj)
                0x0000000003805338                vex::color::yellow
 .bss._ZN3vex5color5greenE
                0x0000000003805340        0x8 /Applications/VEXcode Pro V5.app/Contents/Resources/sdk/vexv5/libv5rt.a(vex_color.cpp.obj)
                0x0000000003805340                vex::color::green
 .bss._ZN3vex5color6purpleE
                0x0000000003805348        0x8 /Applications/VEXcode Pro V5.app/Contents/Resources/sdk/vexv5/libv5rt.a(vex_color.cpp.obj)
                0x0000000003805348                vex::color::purple
 .bss._ZN3vex5color4cyanE
                0x0000000003805350        0x8 /Applications/VEXcode Pro V5.app/Contents/Resources/sdk/vexv5/libv5rt.a(vex_color.cpp.obj)
                0x0000000003805350                vex::color::cyan
 .bss._ZN3vex5color4blueE
                0x0000000003805358        0x8 /Applications/VEXcode Pro V5.app/Contents/Resources/sdk/vexv5/libv5rt.a(vex_color.cpp.obj)
                0x0000000003805358                vex::color::blue
 .bss._ZN3vex5color3redE
                0x0000000003805360        0x8 /Applications/VEXcode Pro V5.app/Contents/Resources/sdk/vexv5/libv5rt.a(vex_color.cpp.obj)
                0x0000000003805360                vex::color::red
 .bss._ZN3vex5color11transparentE
                0x0000000003805368        0x8 /Applications/VEXcode Pro V5.app/Contents/Resources/sdk/vexv5/libv5rt.a(vex_color.cpp.obj)
                0x0000000003805368                vex::color::transparent
 .bss._ZN3vex5color5whiteE
                0x0000000003805370        0x8 /Applications/VEXcode Pro V5.app/Contents/Resources/sdk/vexv5/libv5rt.a(vex_color.cpp.obj)
                0x0000000003805370                vex::color::white
 *(.gnu.linkonce.b.*)
 *(COMMON)
 COMMON         0x0000000003805378        0x1 /Applications/VEXcode Pro V5.app/Contents/Resources/sdk/vexv5/libv5rt.a(v5_startup.c.obj)
                0x0000000003805378                __vex_critical_section
                0x0000000003805379                __bss_end = .
                0x0000000003804c44                _SDA_BASE_ = (__sdata_start + ((__sbss_end - __sdata_start) / 0x2))
                0x00000000038047ec                _SDA2_BASE_ = (__sdata2_start + ((__sbss2_end - __sdata2_start) / 0x2))

.heap           0x0000000003805379   0x100007
                0x0000000003805380                . = ALIGN (0x10)